  Determinando los proyectos que se van a restaurar...
C:\diplomado\QAMS\src\QAMS.Tests\QAMS.Tests.csproj : warning NU1603: QAMS.Tests depende de Microsoft.NET.Test.Sdk (>= 17.8.2), pero no se encontr├│ Microsoft.NET.Test.Sdk 17.8.2. Microsoft.NET.Test.Sdk 17.9.0 se resolvi├│ en su lugar. [C:\diplomado\QAMS\QAMS.sln]
  Todos los proyectos est├ín actualizados para la restauraci├│n.
C:\diplomado\QAMS\src\QAMS.Tests\QAMS.Tests.csproj : warning NU1603: QAMS.Tests depende de Microsoft.NET.Test.Sdk (>= 17.8.2), pero no se encontr├│ Microsoft.NET.Test.Sdk 17.8.2. Microsoft.NET.Test.Sdk 17.9.0 se resolvi├│ en su lugar.
  QAMS.Domain -> C:\diplomado\QAMS\src\QAMS.Domain\bin\Debug\net9.0\QAMS.Domain.dll
  QAMS.Application -> C:\diplomado\QAMS\src\QAMS.Application\bin\Debug\net9.0\QAMS.Application.dll
  QAMS.Infrastructure -> C:\diplomado\QAMS\src\QAMS.Infrastructure\bin\Debug\net9.0\QAMS.Infrastructure.dll
  QAMS.Api -> C:\diplomado\QAMS\src\QAMS.Api\bin\Debug\net9.0\QAMS.Api.dll
  QAMS.Tests -> C:\diplomado\QAMS\src\QAMS.Tests\bin\Debug\net9.0\QAMS.Tests.dll
Serie de pruebas para C:\diplomado\QAMS\src\QAMS.Tests\bin\Debug\net9.0\QAMS.Tests.dll (.NETCoreApp,Version=v9.0)
Versi├│n 18.0.1 (x64) de VSTest

Iniciando la ejecuci├│n de pruebas, espere...
1 archivos de prueba en total coincidieron con el patr├│n especificado.
dotnet : [xUnit.net 00:00:12.78]     QAMS.Tests.IntegrationTests.Endpoints.AuthEnd
pointsTests.Register_WithValidData_ReturnsCreatedAndSavesToDb [FAIL]
En línea: 1 Carácter: 1
+ dotnet test > test_output_latest.txt 2>&1
+ ~~~~~~~~~~~~~~~~~~~~~~~~~~~~~~~~~~~~~~~~~
    + CategoryInfo          : NotSpecified: ([xUnit.net 00:0...avesToDb [FAIL]:St 
   ring) [], RemoteException
    + FullyQualifiedErrorId : NativeCommandError
 
[xUnit.net 00:00:12.78]     QAMS.Tests.IntegrationTests.Endpoints.AuthEndpointsTes
ts.Login_WithValidCredentials_ReturnsToken [FAIL]
[xUnit.net 00:00:12.79]     QAMS.Tests.IntegrationTests.Endpoints.AuthEndpointsTes
ts.Login_WithInvalidCredentials_ReturnsUnauthorized [FAIL]
  Con error QAMS.Tests.IntegrationTests.Endpoints.AuthEndpointsTests.Register_WithValidData_ReturnsCreatedAndSavesToDb [1 ms]
  Mensaje de error:
   Npgsql.PostgresException : 42703: column "created_by_user_id" referenced in foreign key constraint does not exist
  Seguimiento de la pila:
     at Npgsql.Internal.NpgsqlConnector.ReadMessageLong(Boolean async, DataRowLoadingMode dataRowLoadingMode, Boolean readingNotifications, Boolean isReadingPrependedMessage)
   at System.Runtime.CompilerServices.PoolingAsyncValueTaskMethodBuilder`1.StateMachineBox`1.System.Threading.Tasks.Sources.IValueTaskSource<TResult>.GetResult(Int16 token)
   at Npgsql.NpgsqlDataReader.NextResult(Boolean async, Boolean isConsuming, CancellationToken cancellationToken)
   at Npgsql.NpgsqlDataReader.NextResult(Boolean async, Boolean isConsuming, CancellationToken cancellationToken)
   at Npgsql.NpgsqlCommand.ExecuteReader(Boolean async, CommandBehavior behavior, CancellationToken cancellationToken)
   at Npgsql.NpgsqlCommand.ExecuteReader(Boolean async, CommandBehavior behavior, CancellationToken cancellationToken)
   at Npgsql.NpgsqlCommand.ExecuteNonQuery(Boolean async, CancellationToken cancellationToken)
   at Microsoft.EntityFrameworkCore.Storage.RelationalCommand.ExecuteNonQueryAsync(RelationalCommandParameterObject parameterObject, CancellationToken cancellationToken)
   at Microsoft.EntityFrameworkCore.Storage.RelationalCommand.ExecuteNonQueryAsync(RelationalCommandParameterObject parameterObject, CancellationToken cancellationToken)
   at Microsoft.EntityFrameworkCore.Storage.RelationalCommand.ExecuteNonQueryAsync(RelationalCommandParameterObject parameterObject, CancellationToken cancellationToken)
   at Microsoft.EntityFrameworkCore.Migrations.Internal.MigrationCommandExecutor.ExecuteNonQueryAsync(IEnumerable`1 migrationCommands, IRelationalConnection connection, CancellationToken cancellationToken)
   at Microsoft.EntityFrameworkCore.Migrations.Internal.MigrationCommandExecutor.ExecuteNonQueryAsync(IEnumerable`1 migrationCommands, IRelationalConnection connection, CancellationToken cancellationToken)
   at Microsoft.EntityFrameworkCore.Migrations.Internal.MigrationCommandExecutor.ExecuteNonQueryAsync(IEnumerable`1 migrationCommands, IRelationalConnection connection, CancellationToken cancellationToken)
   at Microsoft.EntityFrameworkCore.Migrations.Internal.MigrationCommandExecutor.ExecuteNonQueryAsync(IEnumerable`1 migrationCommands, IRelationalConnection connection, CancellationToken cancellationToken)
   at Microsoft.EntityFrameworkCore.Migrations.Internal.Migrator.MigrateAsync(String targetMigration, CancellationToken cancellationToken)
   at Npgsql.EntityFrameworkCore.PostgreSQL.Migrations.Internal.NpgsqlMigrator.MigrateAsync(String targetMigration, CancellationToken cancellationToken)
   at QAMS.Tests.IntegrationTests.Infrastructure.QamsIntegrationTestFactory.Xunit.IAsyncLifetime.InitializeAsync() in C:\diplomado\QAMS\src\QAMS.Tests\IntegrationTests\Infrastructure\QamsIntegrationTestFactory.cs:line 80
  Con error QAMS.Tests.IntegrationTests.Endpoints.AuthEndpointsTests.Login_WithValidCredentials_ReturnsToken [1 ms]
  Mensaje de error:
   Npgsql.PostgresException : 42703: column "created_by_user_id" referenced in foreign key constraint does not exist
  Seguimiento de la pila:
     at Npgsql.Internal.NpgsqlConnector.ReadMessageLong(Boolean async, DataRowLoadingMode dataRowLoadingMode, Boolean readingNotifications, Boolean isReadingPrependedMessage)
   at System.Runtime.CompilerServices.PoolingAsyncValueTaskMethodBuilder`1.StateMachineBox`1.System.Threading.Tasks.Sources.IValueTaskSource<TResult>.GetResult(Int16 token)
   at Npgsql.NpgsqlDataReader.NextResult(Boolean async, Boolean isConsuming, CancellationToken cancellationToken)
   at Npgsql.NpgsqlDataReader.NextResult(Boolean async, Boolean isConsuming, CancellationToken cancellationToken)
   at Npgsql.NpgsqlCommand.ExecuteReader(Boolean async, CommandBehavior behavior, CancellationToken cancellationToken)
   at Npgsql.NpgsqlCommand.ExecuteReader(Boolean async, CommandBehavior behavior, CancellationToken cancellationToken)
   at Npgsql.NpgsqlCommand.ExecuteNonQuery(Boolean async, CancellationToken cancellationToken)
   at Microsoft.EntityFrameworkCore.Storage.RelationalCommand.ExecuteNonQueryAsync(RelationalCommandParameterObject parameterObject, CancellationToken cancellationToken)
   at Microsoft.EntityFrameworkCore.Storage.RelationalCommand.ExecuteNonQueryAsync(RelationalCommandParameterObject parameterObject, CancellationToken cancellationToken)
   at Microsoft.EntityFrameworkCore.Storage.RelationalCommand.ExecuteNonQueryAsync(RelationalCommandParameterObject parameterObject, CancellationToken cancellationToken)
   at Microsoft.EntityFrameworkCore.Migrations.Internal.MigrationCommandExecutor.ExecuteNonQueryAsync(IEnumerable`1 migrationCommands, IRelationalConnection connection, CancellationToken cancellationToken)
   at Microsoft.EntityFrameworkCore.Migrations.Internal.MigrationCommandExecutor.ExecuteNonQueryAsync(IEnumerable`1 migrationCommands, IRelationalConnection connection, CancellationToken cancellationToken)
   at Microsoft.EntityFrameworkCore.Migrations.Internal.MigrationCommandExecutor.ExecuteNonQueryAsync(IEnumerable`1 migrationCommands, IRelationalConnection connection, CancellationToken cancellationToken)
   at Microsoft.EntityFrameworkCore.Migrations.Internal.MigrationCommandExecutor.ExecuteNonQueryAsync(IEnumerable`1 migrationCommands, IRelationalConnection connection, CancellationToken cancellationToken)
   at Microsoft.EntityFrameworkCore.Migrations.Internal.Migrator.MigrateAsync(String targetMigration, CancellationToken cancellationToken)
   at Npgsql.EntityFrameworkCore.PostgreSQL.Migrations.Internal.NpgsqlMigrator.MigrateAsync(String targetMigration, CancellationToken cancellationToken)
   at QAMS.Tests.IntegrationTests.Infrastructure.QamsIntegrationTestFactory.Xunit.IAsyncLifetime.InitializeAsync() in C:\diplomado\QAMS\src\QAMS.Tests\IntegrationTests\Infrastructure\QamsIntegrationTestFactory.cs:line 80
  Con error QAMS.Tests.IntegrationTests.Endpoints.AuthEndpointsTests.Login_WithInvalidCredentials_ReturnsUnauthorized [1 ms]
  Mensaje de error:
   Npgsql.PostgresException : 42703: column "created_by_user_id" referenced in foreign key constraint does not exist
  Seguimiento de la pila:
     at Npgsql.Internal.NpgsqlConnector.ReadMessageLong(Boolean async, DataRowLoadingMode dataRowLoadingMode, Boolean readingNotifications, Boolean isReadingPrependedMessage)
   at System.Runtime.CompilerServices.PoolingAsyncValueTaskMethodBuilder`1.StateMachineBox`1.System.Threading.Tasks.Sources.IValueTaskSource<TResult>.GetResult(Int16 token)
   at Npgsql.NpgsqlDataReader.NextResult(Boolean async, Boolean isConsuming, CancellationToken cancellationToken)
   at Npgsql.NpgsqlDataReader.NextResult(Boolean async, Boolean isConsuming, CancellationToken cancellationToken)
   at Npgsql.NpgsqlCommand.ExecuteReader(Boolean async, CommandBehavior behavior, CancellationToken cancellationToken)
   at Npgsql.NpgsqlCommand.ExecuteReader(Boolean async, CommandBehavior behavior, CancellationToken cancellationToken)
   at Npgsql.NpgsqlCommand.ExecuteNonQuery(Boolean async, CancellationToken cancellationToken)
   at Microsoft.EntityFrameworkCore.Storage.RelationalCommand.ExecuteNonQueryAsync(RelationalCommandParameterObject parameterObject, CancellationToken cancellationToken)
   at Microsoft.EntityFrameworkCore.Storage.RelationalCommand.ExecuteNonQueryAsync(RelationalCommandParameterObject parameterObject, CancellationToken cancellationToken)
   at Microsoft.EntityFrameworkCore.Storage.RelationalCommand.ExecuteNonQueryAsync(RelationalCommandParameterObject parameterObject, CancellationToken cancellationToken)
   at Microsoft.EntityFrameworkCore.Migrations.Internal.MigrationCommandExecutor.ExecuteNonQueryAsync(IEnumerable`1 migrationCommands, IRelationalConnection connection, CancellationToken cancellationToken)
   at Microsoft.EntityFrameworkCore.Migrations.Internal.MigrationCommandExecutor.ExecuteNonQueryAsync(IEnumerable`1 migrationCommands, IRelationalConnection connection, CancellationToken cancellationToken)
   at Microsoft.EntityFrameworkCore.Migrations.Internal.MigrationCommandExecutor.ExecuteNonQueryAsync(IEnumerable`1 migrationCommands, IRelationalConnection connection, CancellationToken cancellationToken)
   at Microsoft.EntityFrameworkCore.Migrations.Internal.MigrationCommandExecutor.ExecuteNonQueryAsync(IEnumerable`1 migrationCommands, IRelationalConnection connection, CancellationToken cancellationToken)
   at Microsoft.EntityFrameworkCore.Migrations.Internal.Migrator.MigrateAsync(String targetMigration, CancellationToken cancellationToken)
   at Npgsql.EntityFrameworkCore.PostgreSQL.Migrations.Internal.NpgsqlMigrator.MigrateAsync(String targetMigration, CancellationToken cancellationToken)
   at QAMS.Tests.IntegrationTests.Infrastructure.QamsIntegrationTestFactory.Xunit.IAsyncLifetime.InitializeAsync() in C:\diplomado\QAMS\src\QAMS.Tests\IntegrationTests\Infrastructure\QamsIntegrationTestFactory.cs:line 80

Con error! - Con error:     3, Superado:    50, Omitido:     0, Total:    53, Duraci├│n: 12 s - QAMS.Tests.dll (net9.0)
