2026-02-16 19:01:02.044 -04:00 [INF] Executed DbCommand (47ms) [Parameters=[], CommandType='"Text"', CommandTimeout='30']
SELECT EXISTS (
    SELECT 1 FROM pg_catalog.pg_class c
    JOIN pg_catalog.pg_namespace n ON n.oid=c.relnamespace
    WHERE n.nspname='public' AND
          c.relname='__EFMigrationsHistory'
)
2026-02-16 19:01:02.123 -04:00 [INF] Executed DbCommand (4ms) [Parameters=[], CommandType='"Text"', CommandTimeout='30']
SELECT "MigrationId", "ProductVersion"
FROM "__EFMigrationsHistory"
ORDER BY "MigrationId";
2026-02-16 19:01:02.180 -04:00 [INF] Executed DbCommand (18ms) [Parameters=[], CommandType='"Text"', CommandTimeout='30']
SELECT EXISTS (
    SELECT 1 FROM pg_catalog.pg_class c
    JOIN pg_catalog.pg_namespace n ON n.oid=c.relnamespace
    WHERE n.nspname='public' AND
          c.relname='__EFMigrationsHistory'
)
2026-02-16 19:01:02.287 -04:00 [INF] Executed DbCommand (1ms) [Parameters=[], CommandType='"Text"', CommandTimeout='30']
SELECT EXISTS (
    SELECT 1 FROM pg_catalog.pg_class c
    JOIN pg_catalog.pg_namespace n ON n.oid=c.relnamespace
    WHERE n.nspname='public' AND
          c.relname='__EFMigrationsHistory'
)
2026-02-16 19:01:02.293 -04:00 [INF] Executed DbCommand (1ms) [Parameters=[], CommandType='"Text"', CommandTimeout='30']
SELECT "MigrationId", "ProductVersion"
FROM "__EFMigrationsHistory"
ORDER BY "MigrationId";
2026-02-16 19:01:02.327 -04:00 [INF] Applying migration '20260216225555_AddTestSuiteStatusV4'.
2026-02-16 19:01:02.460 -04:00 [ERR] Failed executing DbCommand (7ms) [Parameters=[], CommandType='"Text"', CommandTimeout='30']
ALTER TABLE test_suites ADD status_id integer NOT NULL DEFAULT 1;
2026-02-16 19:27:18.917 -04:00 [INF] Executed DbCommand (34ms) [Parameters=[], CommandType='"Text"', CommandTimeout='30']
SELECT EXISTS (
    SELECT 1 FROM pg_catalog.pg_class c
    JOIN pg_catalog.pg_namespace n ON n.oid=c.relnamespace
    WHERE n.nspname='public' AND
          c.relname='__EFMigrationsHistory'
)
2026-02-16 19:27:18.971 -04:00 [INF] Executed DbCommand (7ms) [Parameters=[], CommandType='"Text"', CommandTimeout='30']
SELECT "MigrationId", "ProductVersion"
FROM "__EFMigrationsHistory"
ORDER BY "MigrationId";
2026-02-16 19:27:18.993 -04:00 [INF] Executed DbCommand (2ms) [Parameters=[], CommandType='"Text"', CommandTimeout='30']
SELECT EXISTS (
    SELECT 1 FROM pg_catalog.pg_class c
    JOIN pg_catalog.pg_namespace n ON n.oid=c.relnamespace
    WHERE n.nspname='public' AND
          c.relname='__EFMigrationsHistory'
)
2026-02-16 19:27:19.018 -04:00 [INF] Executed DbCommand (3ms) [Parameters=[], CommandType='"Text"', CommandTimeout='30']
SELECT EXISTS (
    SELECT 1 FROM pg_catalog.pg_class c
    JOIN pg_catalog.pg_namespace n ON n.oid=c.relnamespace
    WHERE n.nspname='public' AND
          c.relname='__EFMigrationsHistory'
)
2026-02-16 19:27:19.026 -04:00 [INF] Executed DbCommand (2ms) [Parameters=[], CommandType='"Text"', CommandTimeout='30']
SELECT "MigrationId", "ProductVersion"
FROM "__EFMigrationsHistory"
ORDER BY "MigrationId";
2026-02-16 19:27:19.052 -04:00 [INF] Applying migration '20260216225555_AddTestSuiteStatusV4'.
2026-02-16 19:27:19.249 -04:00 [INF] Executed DbCommand (37ms) [Parameters=[], CommandType='"Text"', CommandTimeout='30']
ALTER TABLE "TestSuites" RENAME TO test_suites;
2026-02-16 19:27:19.257 -04:00 [INF] Executed DbCommand (6ms) [Parameters=[], CommandType='"Text"', CommandTimeout='30']
ALTER TABLE test_suites RENAME COLUMN "Id" TO id;
2026-02-16 19:27:19.262 -04:00 [INF] Executed DbCommand (1ms) [Parameters=[], CommandType='"Text"', CommandTimeout='30']
ALTER TABLE test_suites RENAME COLUMN "ProjectId" TO project_id;
2026-02-16 19:27:19.267 -04:00 [INF] Executed DbCommand (3ms) [Parameters=[], CommandType='"Text"', CommandTimeout='30']
ALTER TABLE test_suites RENAME COLUMN "Name" TO name;
2026-02-16 19:27:19.271 -04:00 [INF] Executed DbCommand (1ms) [Parameters=[], CommandType='"Text"', CommandTimeout='30']
ALTER TABLE test_suites RENAME COLUMN "Description" TO description;
2026-02-16 19:27:19.275 -04:00 [INF] Executed DbCommand (3ms) [Parameters=[], CommandType='"Text"', CommandTimeout='30']
ALTER TABLE test_suites RENAME COLUMN "CreatedAt" TO created_at;
2026-02-16 19:27:19.322 -04:00 [INF] Executed DbCommand (43ms) [Parameters=[], CommandType='"Text"', CommandTimeout='30']
ALTER TABLE test_suites ADD status_id integer NOT NULL DEFAULT 1;
2026-02-16 19:27:19.410 -04:00 [INF] Executed DbCommand (85ms) [Parameters=[], CommandType='"Text"', CommandTimeout='30']
CREATE TABLE test_suite_statuses (
    id integer GENERATED BY DEFAULT AS IDENTITY,
    "Code" text NOT NULL,
    name character varying(50) NOT NULL,
    description character varying(200),
    "SortOrder" integer NOT NULL,
    "IsActive" boolean NOT NULL,
    "CreatedAt" timestamp with time zone NOT NULL,
    CONSTRAINT "PK_test_suite_statuses" PRIMARY KEY (id)
);
2026-02-16 19:27:19.428 -04:00 [INF] Executed DbCommand (16ms) [Parameters=[], CommandType='"Text"', CommandTimeout='30']
UPDATE evidence_types SET created_at = TIMESTAMPTZ '2026-02-16T22:55:54.430737Z'
WHERE id = 1;
2026-02-16 19:27:19.434 -04:00 [INF] Executed DbCommand (2ms) [Parameters=[], CommandType='"Text"', CommandTimeout='30']
UPDATE evidence_types SET created_at = TIMESTAMPTZ '2026-02-16T22:55:54.430737Z'
WHERE id = 2;
2026-02-16 19:27:19.442 -04:00 [INF] Executed DbCommand (3ms) [Parameters=[], CommandType='"Text"', CommandTimeout='30']
UPDATE evidence_types SET created_at = TIMESTAMPTZ '2026-02-16T22:55:54.430737Z'
WHERE id = 3;
2026-02-16 19:27:19.450 -04:00 [INF] Executed DbCommand (2ms) [Parameters=[], CommandType='"Text"', CommandTimeout='30']
UPDATE evidence_types SET created_at = TIMESTAMPTZ '2026-02-16T22:55:54.430738Z'
WHERE id = 4;
2026-02-16 19:27:19.464 -04:00 [INF] Executed DbCommand (8ms) [Parameters=[], CommandType='"Text"', CommandTimeout='30']
UPDATE execution_statuses SET created_at = TIMESTAMPTZ '2026-02-16T22:55:54.431099Z'
WHERE id = 1;
2026-02-16 19:27:19.470 -04:00 [INF] Executed DbCommand (2ms) [Parameters=[], CommandType='"Text"', CommandTimeout='30']
UPDATE execution_statuses SET created_at = TIMESTAMPTZ '2026-02-16T22:55:54.431099Z'
WHERE id = 2;
2026-02-16 19:27:19.478 -04:00 [INF] Executed DbCommand (2ms) [Parameters=[], CommandType='"Text"', CommandTimeout='30']
UPDATE execution_statuses SET created_at = TIMESTAMPTZ '2026-02-16T22:55:54.431099Z'
WHERE id = 3;
2026-02-16 19:27:19.486 -04:00 [INF] Executed DbCommand (2ms) [Parameters=[], CommandType='"Text"', CommandTimeout='30']
UPDATE execution_statuses SET created_at = TIMESTAMPTZ '2026-02-16T22:55:54.431099Z'
WHERE id = 4;
2026-02-16 19:27:19.492 -04:00 [INF] Executed DbCommand (3ms) [Parameters=[], CommandType='"Text"', CommandTimeout='30']
UPDATE execution_statuses SET created_at = TIMESTAMPTZ '2026-02-16T22:55:54.431099Z'
WHERE id = 5;
2026-02-16 19:27:19.501 -04:00 [INF] Executed DbCommand (2ms) [Parameters=[], CommandType='"Text"', CommandTimeout='30']
UPDATE execution_statuses SET created_at = TIMESTAMPTZ '2026-02-16T22:55:54.4311Z'
WHERE id = 6;
2026-02-16 19:27:19.516 -04:00 [INF] Executed DbCommand (10ms) [Parameters=[], CommandType='"Text"', CommandTimeout='30']
UPDATE project_statuses SET "CreatedAt" = TIMESTAMPTZ '2026-02-16T22:55:54.429541Z'
WHERE "Id" = 1;
2026-02-16 19:27:19.520 -04:00 [INF] Executed DbCommand (1ms) [Parameters=[], CommandType='"Text"', CommandTimeout='30']
UPDATE project_statuses SET "CreatedAt" = TIMESTAMPTZ '2026-02-16T22:55:54.429542Z'
WHERE "Id" = 2;
2026-02-16 19:27:19.525 -04:00 [INF] Executed DbCommand (2ms) [Parameters=[], CommandType='"Text"', CommandTimeout='30']
UPDATE project_statuses SET "CreatedAt" = TIMESTAMPTZ '2026-02-16T22:55:54.429542Z'
WHERE "Id" = 3;
2026-02-16 19:27:19.530 -04:00 [INF] Executed DbCommand (2ms) [Parameters=[], CommandType='"Text"', CommandTimeout='30']
UPDATE project_statuses SET "CreatedAt" = TIMESTAMPTZ '2026-02-16T22:55:54.429542Z'
WHERE "Id" = 4;
2026-02-16 19:27:19.542 -04:00 [INF] Executed DbCommand (8ms) [Parameters=[], CommandType='"Text"', CommandTimeout='30']
UPDATE step_result_statuses SET created_at = TIMESTAMPTZ '2026-02-16T22:55:54.43672Z'
WHERE id = 1;
2026-02-16 19:27:19.548 -04:00 [INF] Executed DbCommand (2ms) [Parameters=[], CommandType='"Text"', CommandTimeout='30']
UPDATE step_result_statuses SET created_at = TIMESTAMPTZ '2026-02-16T22:55:54.436721Z'
WHERE id = 2;
2026-02-16 19:27:19.553 -04:00 [INF] Executed DbCommand (1ms) [Parameters=[], CommandType='"Text"', CommandTimeout='30']
UPDATE step_result_statuses SET created_at = TIMESTAMPTZ '2026-02-16T22:55:54.436721Z'
WHERE id = 3;
2026-02-16 19:27:19.556 -04:00 [INF] Executed DbCommand (1ms) [Parameters=[], CommandType='"Text"', CommandTimeout='30']
UPDATE step_result_statuses SET created_at = TIMESTAMPTZ '2026-02-16T22:55:54.436721Z'
WHERE id = 4;
2026-02-16 19:27:19.565 -04:00 [INF] Executed DbCommand (8ms) [Parameters=[], CommandType='"Text"', CommandTimeout='30']
UPDATE task_priorities SET created_at = TIMESTAMPTZ '2026-02-16T22:55:54.437154Z'
WHERE id = 1;
2026-02-16 19:27:19.570 -04:00 [INF] Executed DbCommand (2ms) [Parameters=[], CommandType='"Text"', CommandTimeout='30']
UPDATE task_priorities SET created_at = TIMESTAMPTZ '2026-02-16T22:55:54.437154Z'
WHERE id = 2;
2026-02-16 19:27:19.576 -04:00 [INF] Executed DbCommand (2ms) [Parameters=[], CommandType='"Text"', CommandTimeout='30']
UPDATE task_priorities SET created_at = TIMESTAMPTZ '2026-02-16T22:55:54.437154Z'
WHERE id = 3;
2026-02-16 19:27:19.583 -04:00 [INF] Executed DbCommand (2ms) [Parameters=[], CommandType='"Text"', CommandTimeout='30']
UPDATE task_priorities SET created_at = TIMESTAMPTZ '2026-02-16T22:55:54.437154Z'
WHERE id = 4;
2026-02-16 19:27:19.597 -04:00 [INF] Executed DbCommand (10ms) [Parameters=[], CommandType='"Text"', CommandTimeout='30']
UPDATE test_case_priorities SET created_at = TIMESTAMPTZ '2026-02-16T22:55:54.439795Z'
WHERE id = 1;
2026-02-16 19:27:19.604 -04:00 [INF] Executed DbCommand (2ms) [Parameters=[], CommandType='"Text"', CommandTimeout='30']
UPDATE test_case_priorities SET created_at = TIMESTAMPTZ '2026-02-16T22:55:54.439796Z'
WHERE id = 2;
2026-02-16 19:27:19.608 -04:00 [INF] Executed DbCommand (2ms) [Parameters=[], CommandType='"Text"', CommandTimeout='30']
UPDATE test_case_priorities SET created_at = TIMESTAMPTZ '2026-02-16T22:55:54.439797Z'
WHERE id = 3;
2026-02-16 19:27:19.614 -04:00 [INF] Executed DbCommand (1ms) [Parameters=[], CommandType='"Text"', CommandTimeout='30']
UPDATE test_case_priorities SET created_at = TIMESTAMPTZ '2026-02-16T22:55:54.439797Z'
WHERE id = 4;
2026-02-16 19:27:19.635 -04:00 [INF] Executed DbCommand (18ms) [Parameters=[], CommandType='"Text"', CommandTimeout='30']
INSERT INTO test_suite_statuses (id, "Code", "CreatedAt", description, "IsActive", name, "SortOrder")
VALUES (1, 'PENDIENTE', TIMESTAMPTZ '2026-02-16T22:55:54.430126Z', 'Suite pendiente de ejecución', TRUE, 'PENDIENTE', 0);
INSERT INTO test_suite_statuses (id, "Code", "CreatedAt", description, "IsActive", name, "SortOrder")
VALUES (2, 'EN_PROCESO', TIMESTAMPTZ '2026-02-16T22:55:54.430126Z', 'Suite en ejecución activa', TRUE, 'EN PROCESO', 0);
INSERT INTO test_suite_statuses (id, "Code", "CreatedAt", description, "IsActive", name, "SortOrder")
VALUES (3, 'COMPLETADO', TIMESTAMPTZ '2026-02-16T22:55:54.430126Z', 'Todos los casos de la suite ejecutados', TRUE, 'COMPLETADO', 0);
INSERT INTO test_suite_statuses (id, "Code", "CreatedAt", description, "IsActive", name, "SortOrder")
VALUES (4, 'DETENIDO', TIMESTAMPTZ '2026-02-16T22:55:54.430127Z', 'Ejecución de la suite pausada', TRUE, 'DETENIDO', 0);
2026-02-16 19:27:19.653 -04:00 [INF] Executed DbCommand (12ms) [Parameters=[], CommandType='"Text"', CommandTimeout='30']
UPDATE test_types SET "CreatedAt" = TIMESTAMPTZ '2026-02-16T22:55:54.430415Z'
WHERE "Id" = 1;
2026-02-16 19:27:19.659 -04:00 [INF] Executed DbCommand (2ms) [Parameters=[], CommandType='"Text"', CommandTimeout='30']
UPDATE test_types SET "CreatedAt" = TIMESTAMPTZ '2026-02-16T22:55:54.430415Z'
WHERE "Id" = 2;
2026-02-16 19:27:19.666 -04:00 [INF] Executed DbCommand (2ms) [Parameters=[], CommandType='"Text"', CommandTimeout='30']
UPDATE test_types SET "CreatedAt" = TIMESTAMPTZ '2026-02-16T22:55:54.430415Z'
WHERE "Id" = 3;
2026-02-16 19:27:19.673 -04:00 [INF] Executed DbCommand (2ms) [Parameters=[], CommandType='"Text"', CommandTimeout='30']
UPDATE test_types SET "CreatedAt" = TIMESTAMPTZ '2026-02-16T22:55:54.430415Z'
WHERE "Id" = 4;
2026-02-16 19:27:19.680 -04:00 [INF] Executed DbCommand (2ms) [Parameters=[], CommandType='"Text"', CommandTimeout='30']
UPDATE test_types SET "CreatedAt" = TIMESTAMPTZ '2026-02-16T22:55:54.430416Z'
WHERE "Id" = 5;
2026-02-16 19:27:19.709 -04:00 [INF] Executed DbCommand (25ms) [Parameters=[], CommandType='"Text"', CommandTimeout='30']
CREATE INDEX "IX_test_suites_status_id" ON test_suites (status_id);
2026-02-16 19:27:19.757 -04:00 [INF] Executed DbCommand (43ms) [Parameters=[], CommandType='"Text"', CommandTimeout='30']
ALTER TABLE test_suites ADD CONSTRAINT "FK_test_suites_test_suite_statuses_status_id" FOREIGN KEY (status_id) REFERENCES test_suite_statuses (id) ON DELETE RESTRICT;
2026-02-16 19:27:19.785 -04:00 [INF] Executed DbCommand (21ms) [Parameters=[], CommandType='"Text"', CommandTimeout='30']
SELECT setval(
    pg_get_serial_sequence('test_suite_statuses', 'id'),
    GREATEST(
        (SELECT MAX(id) FROM test_suite_statuses) + 1,
        nextval(pg_get_serial_sequence('test_suite_statuses', 'id'))),
    false);
2026-02-16 19:27:19.792 -04:00 [INF] Executed DbCommand (3ms) [Parameters=[], CommandType='"Text"', CommandTimeout='30']
INSERT INTO "__EFMigrationsHistory" ("MigrationId", "ProductVersion")
VALUES ('20260216225555_AddTestSuiteStatusV4', '8.0.11');
2026-02-16 19:47:38.828 -04:00 [INF] Executed DbCommand (149ms) [Parameters=[], CommandType='"Text"', CommandTimeout='30']
SELECT EXISTS (
    SELECT 1 FROM pg_catalog.pg_class c
    JOIN pg_catalog.pg_namespace n ON n.oid=c.relnamespace
    WHERE n.nspname='public' AND
          c.relname='__EFMigrationsHistory'
)
2026-02-16 19:47:38.977 -04:00 [INF] Executed DbCommand (13ms) [Parameters=[], CommandType='"Text"', CommandTimeout='30']
SELECT "MigrationId", "ProductVersion"
FROM "__EFMigrationsHistory"
ORDER BY "MigrationId";
2026-02-16 19:47:39.029 -04:00 [INF] Executed DbCommand (3ms) [Parameters=[], CommandType='"Text"', CommandTimeout='30']
SELECT EXISTS (
    SELECT 1 FROM pg_catalog.pg_class c
    JOIN pg_catalog.pg_namespace n ON n.oid=c.relnamespace
    WHERE n.nspname='public' AND
          c.relname='__EFMigrationsHistory'
)
2026-02-16 19:47:39.076 -04:00 [INF] Executed DbCommand (3ms) [Parameters=[], CommandType='"Text"', CommandTimeout='30']
SELECT EXISTS (
    SELECT 1 FROM pg_catalog.pg_class c
    JOIN pg_catalog.pg_namespace n ON n.oid=c.relnamespace
    WHERE n.nspname='public' AND
          c.relname='__EFMigrationsHistory'
)
2026-02-16 19:47:39.082 -04:00 [INF] Executed DbCommand (1ms) [Parameters=[], CommandType='"Text"', CommandTimeout='30']
SELECT "MigrationId", "ProductVersion"
FROM "__EFMigrationsHistory"
ORDER BY "MigrationId";
2026-02-16 19:47:39.100 -04:00 [INF] Applying migration '20260216234710_NormalizeTestSteps'.
2026-02-16 19:47:39.367 -04:00 [INF] Executed DbCommand (110ms) [Parameters=[], CommandType='"Text"', CommandTimeout='30']
ALTER TABLE "ExecutionStepResults" DROP CONSTRAINT "FK_ExecutionStepResults_TestSteps_TestStepId";
2026-02-16 19:47:39.387 -04:00 [INF] Executed DbCommand (16ms) [Parameters=[], CommandType='"Text"', CommandTimeout='30']
ALTER TABLE "TestSteps" DROP CONSTRAINT "FK_TestSteps_test_cases_TestCaseId";
2026-02-16 19:47:39.404 -04:00 [INF] Executed DbCommand (14ms) [Parameters=[], CommandType='"Text"', CommandTimeout='30']
ALTER TABLE "TestSteps" DROP CONSTRAINT "PK_TestSteps";
2026-02-16 19:47:39.414 -04:00 [INF] Executed DbCommand (7ms) [Parameters=[], CommandType='"Text"', CommandTimeout='30']
DROP INDEX "IX_TestSteps_TestCaseId";
2026-02-16 19:47:39.436 -04:00 [INF] Executed DbCommand (19ms) [Parameters=[], CommandType='"Text"', CommandTimeout='30']
ALTER TABLE "TestSteps" RENAME TO test_steps;
2026-02-16 19:47:39.445 -04:00 [INF] Executed DbCommand (7ms) [Parameters=[], CommandType='"Text"', CommandTimeout='30']
ALTER TABLE test_steps RENAME COLUMN "Action" TO action;
2026-02-16 19:47:39.454 -04:00 [INF] Executed DbCommand (6ms) [Parameters=[], CommandType='"Text"', CommandTimeout='30']
ALTER TABLE test_steps RENAME COLUMN "Id" TO id;
2026-02-16 19:47:39.459 -04:00 [INF] Executed DbCommand (2ms) [Parameters=[], CommandType='"Text"', CommandTimeout='30']
ALTER TABLE test_steps RENAME COLUMN "TestCaseId" TO test_case_id;
2026-02-16 19:47:39.465 -04:00 [INF] Executed DbCommand (2ms) [Parameters=[], CommandType='"Text"', CommandTimeout='30']
ALTER TABLE test_steps RENAME COLUMN "StepOrder" TO step_order;
2026-02-16 19:47:39.469 -04:00 [INF] Executed DbCommand (1ms) [Parameters=[], CommandType='"Text"', CommandTimeout='30']
ALTER TABLE test_steps RENAME COLUMN "ExpectedResult" TO expected_result;
2026-02-16 19:47:39.542 -04:00 [INF] Executed DbCommand (70ms) [Parameters=[], CommandType='"Text"', CommandTimeout='30']
ALTER TABLE test_steps ADD CONSTRAINT "PK_test_steps" PRIMARY KEY (id);
2026-02-16 19:47:39.565 -04:00 [INF] Executed DbCommand (21ms) [Parameters=[], CommandType='"Text"', CommandTimeout='30']
UPDATE evidence_types SET created_at = TIMESTAMPTZ '2026-02-16T23:47:09.865927Z'
WHERE id = 1;
2026-02-16 19:47:39.570 -04:00 [INF] Executed DbCommand (1ms) [Parameters=[], CommandType='"Text"', CommandTimeout='30']
UPDATE evidence_types SET created_at = TIMESTAMPTZ '2026-02-16T23:47:09.865927Z'
WHERE id = 2;
2026-02-16 19:47:39.573 -04:00 [INF] Executed DbCommand (2ms) [Parameters=[], CommandType='"Text"', CommandTimeout='30']
UPDATE evidence_types SET created_at = TIMESTAMPTZ '2026-02-16T23:47:09.865927Z'
WHERE id = 3;
2026-02-16 19:47:39.578 -04:00 [INF] Executed DbCommand (1ms) [Parameters=[], CommandType='"Text"', CommandTimeout='30']
UPDATE evidence_types SET created_at = TIMESTAMPTZ '2026-02-16T23:47:09.865927Z'
WHERE id = 4;
2026-02-16 19:47:39.586 -04:00 [INF] Executed DbCommand (6ms) [Parameters=[], CommandType='"Text"', CommandTimeout='30']
UPDATE execution_statuses SET created_at = TIMESTAMPTZ '2026-02-16T23:47:09.866144Z'
WHERE id = 1;
2026-02-16 19:47:39.591 -04:00 [INF] Executed DbCommand (2ms) [Parameters=[], CommandType='"Text"', CommandTimeout='30']
UPDATE execution_statuses SET created_at = TIMESTAMPTZ '2026-02-16T23:47:09.866144Z'
WHERE id = 2;
2026-02-16 19:47:39.594 -04:00 [INF] Executed DbCommand (1ms) [Parameters=[], CommandType='"Text"', CommandTimeout='30']
UPDATE execution_statuses SET created_at = TIMESTAMPTZ '2026-02-16T23:47:09.866144Z'
WHERE id = 3;
2026-02-16 19:47:39.598 -04:00 [INF] Executed DbCommand (2ms) [Parameters=[], CommandType='"Text"', CommandTimeout='30']
UPDATE execution_statuses SET created_at = TIMESTAMPTZ '2026-02-16T23:47:09.866144Z'
WHERE id = 4;
2026-02-16 19:47:39.601 -04:00 [INF] Executed DbCommand (1ms) [Parameters=[], CommandType='"Text"', CommandTimeout='30']
UPDATE execution_statuses SET created_at = TIMESTAMPTZ '2026-02-16T23:47:09.866145Z'
WHERE id = 5;
2026-02-16 19:47:39.604 -04:00 [INF] Executed DbCommand (1ms) [Parameters=[], CommandType='"Text"', CommandTimeout='30']
UPDATE execution_statuses SET created_at = TIMESTAMPTZ '2026-02-16T23:47:09.866145Z'
WHERE id = 6;
2026-02-16 19:47:39.611 -04:00 [INF] Executed DbCommand (4ms) [Parameters=[], CommandType='"Text"', CommandTimeout='30']
UPDATE project_statuses SET "CreatedAt" = TIMESTAMPTZ '2026-02-16T23:47:09.865291Z'
WHERE "Id" = 1;
2026-02-16 19:47:39.616 -04:00 [INF] Executed DbCommand (2ms) [Parameters=[], CommandType='"Text"', CommandTimeout='30']
UPDATE project_statuses SET "CreatedAt" = TIMESTAMPTZ '2026-02-16T23:47:09.865291Z'
WHERE "Id" = 2;
2026-02-16 19:47:39.620 -04:00 [INF] Executed DbCommand (2ms) [Parameters=[], CommandType='"Text"', CommandTimeout='30']
UPDATE project_statuses SET "CreatedAt" = TIMESTAMPTZ '2026-02-16T23:47:09.865291Z'
WHERE "Id" = 3;
2026-02-16 19:47:39.626 -04:00 [INF] Executed DbCommand (2ms) [Parameters=[], CommandType='"Text"', CommandTimeout='30']
UPDATE project_statuses SET "CreatedAt" = TIMESTAMPTZ '2026-02-16T23:47:09.865292Z'
WHERE "Id" = 4;
2026-02-16 19:47:39.640 -04:00 [INF] Executed DbCommand (11ms) [Parameters=[], CommandType='"Text"', CommandTimeout='30']
UPDATE step_result_statuses SET created_at = TIMESTAMPTZ '2026-02-16T23:47:09.868813Z'
WHERE id = 1;
2026-02-16 19:47:39.646 -04:00 [INF] Executed DbCommand (2ms) [Parameters=[], CommandType='"Text"', CommandTimeout='30']
UPDATE step_result_statuses SET created_at = TIMESTAMPTZ '2026-02-16T23:47:09.868813Z'
WHERE id = 2;
2026-02-16 19:47:39.651 -04:00 [INF] Executed DbCommand (2ms) [Parameters=[], CommandType='"Text"', CommandTimeout='30']
UPDATE step_result_statuses SET created_at = TIMESTAMPTZ '2026-02-16T23:47:09.868813Z'
WHERE id = 3;
2026-02-16 19:47:39.659 -04:00 [INF] Executed DbCommand (2ms) [Parameters=[], CommandType='"Text"', CommandTimeout='30']
UPDATE step_result_statuses SET created_at = TIMESTAMPTZ '2026-02-16T23:47:09.868813Z'
WHERE id = 4;
2026-02-16 19:47:39.668 -04:00 [INF] Executed DbCommand (5ms) [Parameters=[], CommandType='"Text"', CommandTimeout='30']
UPDATE task_priorities SET created_at = TIMESTAMPTZ '2026-02-16T23:47:09.869039Z'
WHERE id = 1;
2026-02-16 19:47:39.672 -04:00 [INF] Executed DbCommand (2ms) [Parameters=[], CommandType='"Text"', CommandTimeout='30']
UPDATE task_priorities SET created_at = TIMESTAMPTZ '2026-02-16T23:47:09.869039Z'
WHERE id = 2;
2026-02-16 19:47:39.677 -04:00 [INF] Executed DbCommand (2ms) [Parameters=[], CommandType='"Text"', CommandTimeout='30']
UPDATE task_priorities SET created_at = TIMESTAMPTZ '2026-02-16T23:47:09.86904Z'
WHERE id = 3;
2026-02-16 19:47:39.681 -04:00 [INF] Executed DbCommand (2ms) [Parameters=[], CommandType='"Text"', CommandTimeout='30']
UPDATE task_priorities SET created_at = TIMESTAMPTZ '2026-02-16T23:47:09.86904Z'
WHERE id = 4;
2026-02-16 19:47:39.692 -04:00 [INF] Executed DbCommand (8ms) [Parameters=[], CommandType='"Text"', CommandTimeout='30']
UPDATE test_case_priorities SET created_at = TIMESTAMPTZ '2026-02-16T23:47:09.870856Z'
WHERE id = 1;
2026-02-16 19:47:39.696 -04:00 [INF] Executed DbCommand (2ms) [Parameters=[], CommandType='"Text"', CommandTimeout='30']
UPDATE test_case_priorities SET created_at = TIMESTAMPTZ '2026-02-16T23:47:09.870856Z'
WHERE id = 2;
2026-02-16 19:47:39.699 -04:00 [INF] Executed DbCommand (1ms) [Parameters=[], CommandType='"Text"', CommandTimeout='30']
UPDATE test_case_priorities SET created_at = TIMESTAMPTZ '2026-02-16T23:47:09.870857Z'
WHERE id = 3;
2026-02-16 19:47:39.703 -04:00 [INF] Executed DbCommand (2ms) [Parameters=[], CommandType='"Text"', CommandTimeout='30']
UPDATE test_case_priorities SET created_at = TIMESTAMPTZ '2026-02-16T23:47:09.870857Z'
WHERE id = 4;
2026-02-16 19:47:39.714 -04:00 [INF] Executed DbCommand (7ms) [Parameters=[], CommandType='"Text"', CommandTimeout='30']
UPDATE test_suite_statuses SET "CreatedAt" = TIMESTAMPTZ '2026-02-16T23:47:09.865527Z'
WHERE id = 1;
2026-02-16 19:47:39.720 -04:00 [INF] Executed DbCommand (3ms) [Parameters=[], CommandType='"Text"', CommandTimeout='30']
UPDATE test_suite_statuses SET "CreatedAt" = TIMESTAMPTZ '2026-02-16T23:47:09.865528Z'
WHERE id = 2;
2026-02-16 19:47:39.726 -04:00 [INF] Executed DbCommand (3ms) [Parameters=[], CommandType='"Text"', CommandTimeout='30']
UPDATE test_suite_statuses SET "CreatedAt" = TIMESTAMPTZ '2026-02-16T23:47:09.865528Z'
WHERE id = 3;
2026-02-16 19:47:39.732 -04:00 [INF] Executed DbCommand (3ms) [Parameters=[], CommandType='"Text"', CommandTimeout='30']
UPDATE test_suite_statuses SET "CreatedAt" = TIMESTAMPTZ '2026-02-16T23:47:09.865528Z'
WHERE id = 4;
2026-02-16 19:47:39.744 -04:00 [INF] Executed DbCommand (8ms) [Parameters=[], CommandType='"Text"', CommandTimeout='30']
UPDATE test_types SET "CreatedAt" = TIMESTAMPTZ '2026-02-16T23:47:09.865692Z'
WHERE "Id" = 1;
2026-02-16 19:47:39.750 -04:00 [INF] Executed DbCommand (3ms) [Parameters=[], CommandType='"Text"', CommandTimeout='30']
UPDATE test_types SET "CreatedAt" = TIMESTAMPTZ '2026-02-16T23:47:09.865692Z'
WHERE "Id" = 2;
2026-02-16 19:47:39.757 -04:00 [INF] Executed DbCommand (3ms) [Parameters=[], CommandType='"Text"', CommandTimeout='30']
UPDATE test_types SET "CreatedAt" = TIMESTAMPTZ '2026-02-16T23:47:09.865692Z'
WHERE "Id" = 3;
2026-02-16 19:47:39.764 -04:00 [INF] Executed DbCommand (3ms) [Parameters=[], CommandType='"Text"', CommandTimeout='30']
UPDATE test_types SET "CreatedAt" = TIMESTAMPTZ '2026-02-16T23:47:09.865692Z'
WHERE "Id" = 4;
2026-02-16 19:47:39.771 -04:00 [INF] Executed DbCommand (3ms) [Parameters=[], CommandType='"Text"', CommandTimeout='30']
UPDATE test_types SET "CreatedAt" = TIMESTAMPTZ '2026-02-16T23:47:09.865693Z'
WHERE "Id" = 5;
2026-02-16 19:47:39.816 -04:00 [INF] Executed DbCommand (38ms) [Parameters=[], CommandType='"Text"', CommandTimeout='30']
CREATE UNIQUE INDEX "IX_test_steps_test_case_id_step_order" ON test_steps (test_case_id, step_order);
2026-02-16 19:47:39.858 -04:00 [INF] Executed DbCommand (34ms) [Parameters=[], CommandType='"Text"', CommandTimeout='30']
ALTER TABLE "ExecutionStepResults" ADD CONSTRAINT "FK_ExecutionStepResults_test_steps_TestStepId" FOREIGN KEY ("TestStepId") REFERENCES test_steps (id) ON DELETE CASCADE;
2026-02-16 19:47:39.882 -04:00 [INF] Executed DbCommand (20ms) [Parameters=[], CommandType='"Text"', CommandTimeout='30']
ALTER TABLE test_steps ADD CONSTRAINT "FK_test_steps_test_cases_test_case_id" FOREIGN KEY (test_case_id) REFERENCES test_cases (id) ON DELETE CASCADE;
2026-02-16 19:47:39.901 -04:00 [INF] Executed DbCommand (12ms) [Parameters=[], CommandType='"Text"', CommandTimeout='30']
INSERT INTO "__EFMigrationsHistory" ("MigrationId", "ProductVersion")
VALUES ('20260216234710_NormalizeTestSteps', '8.0.11');
2026-02-16 22:12:30.344 -04:00 [WRN] The foreign key property 'ExecutionStepResult.TestStepId1' was created in shadow state because a conflicting property with the simple name 'TestStepId' exists in the entity type, but is either not mapped, is already used for another relationship, or is incompatible with the associated primary key type. See https://aka.ms/efcore-relationships for information on mapping relationships in EF Core.
2026-02-16 22:12:31.348 -04:00 [WRN] The foreign key property 'ExecutionStepResult.TestStepId1' was created in shadow state because a conflicting property with the simple name 'TestStepId' exists in the entity type, but is either not mapped, is already used for another relationship, or is incompatible with the associated primary key type. See https://aka.ms/efcore-relationships for information on mapping relationships in EF Core.
