2026-02-15 15:20:34.193 -04:00 [INF] Executed DbCommand (72ms) [Parameters=[], CommandType='"Text"', CommandTimeout='30']
SELECT EXISTS (
    SELECT 1 FROM pg_catalog.pg_class c
    JOIN pg_catalog.pg_namespace n ON n.oid=c.relnamespace
    WHERE n.nspname='public' AND
          c.relname='__EFMigrationsHistory'
)
2026-02-15 15:20:34.298 -04:00 [INF] Executed DbCommand (25ms) [Parameters=[], CommandType='"Text"', CommandTimeout='30']
SELECT "MigrationId", "ProductVersion"
FROM "__EFMigrationsHistory"
ORDER BY "MigrationId";
2026-02-15 15:20:34.475 -04:00 [INF] Executed DbCommand (9ms) [Parameters=[], CommandType='"Text"', CommandTimeout='30']
SELECT EXISTS (
    SELECT 1 FROM pg_catalog.pg_class c
    JOIN pg_catalog.pg_namespace n ON n.oid=c.relnamespace
    WHERE n.nspname='public' AND
          c.relname='__EFMigrationsHistory'
)
2026-02-15 15:20:34.577 -04:00 [INF] Executed DbCommand (16ms) [Parameters=[], CommandType='"Text"', CommandTimeout='30']
SELECT EXISTS (
    SELECT 1 FROM pg_catalog.pg_class c
    JOIN pg_catalog.pg_namespace n ON n.oid=c.relnamespace
    WHERE n.nspname='public' AND
          c.relname='__EFMigrationsHistory'
)
2026-02-15 15:20:34.590 -04:00 [INF] Executed DbCommand (10ms) [Parameters=[], CommandType='"Text"', CommandTimeout='30']
SELECT "MigrationId", "ProductVersion"
FROM "__EFMigrationsHistory"
ORDER BY "MigrationId";
2026-02-15 15:20:34.605 -04:00 [INF] Applying migration '20260215192006_AddSystemSeeding'.
2026-02-15 15:20:34.789 -04:00 [INF] Executed DbCommand (50ms) [Parameters=[], CommandType='"Text"', CommandTimeout='30']
ALTER TABLE "Evidences" DROP CONSTRAINT "FK_Evidences_EvidenceTypes_FileTypeId";
2026-02-15 15:20:34.799 -04:00 [INF] Executed DbCommand (6ms) [Parameters=[], CommandType='"Text"', CommandTimeout='30']
ALTER TABLE "ExecutionStepResults" DROP CONSTRAINT "FK_ExecutionStepResults_StepResultStatuses_StatusId";
2026-02-15 15:20:34.812 -04:00 [INF] Executed DbCommand (11ms) [Parameters=[], CommandType='"Text"', CommandTimeout='30']
ALTER TABLE "KanbanTasks" DROP CONSTRAINT "FK_KanbanTasks_TaskPriorities_PriorityId";
2026-02-15 15:20:34.827 -04:00 [INF] Executed DbCommand (11ms) [Parameters=[], CommandType='"Text"', CommandTimeout='30']
ALTER TABLE "KanbanTasks" DROP CONSTRAINT "FK_KanbanTasks_Users_AssigneeId";
2026-02-15 15:20:34.839 -04:00 [INF] Executed DbCommand (10ms) [Parameters=[], CommandType='"Text"', CommandTimeout='30']
ALTER TABLE role_permissions DROP CONSTRAINT "FK_role_permissions_Roles_RoleId";
2026-02-15 15:20:34.857 -04:00 [INF] Executed DbCommand (16ms) [Parameters=[], CommandType='"Text"', CommandTimeout='30']
ALTER TABLE test_executions DROP CONSTRAINT "FK_test_executions_Users_tester_id";
2026-02-15 15:20:34.875 -04:00 [INF] Executed DbCommand (15ms) [Parameters=[], CommandType='"Text"', CommandTimeout='30']
ALTER TABLE "TestCases" DROP CONSTRAINT "FK_TestCases_TestCasePriorities_PriorityId";
2026-02-15 15:20:34.881 -04:00 [INF] Executed DbCommand (3ms) [Parameters=[], CommandType='"Text"', CommandTimeout='30']
ALTER TABLE user_roles DROP CONSTRAINT "FK_user_roles_Roles_RoleId";
2026-02-15 15:20:34.892 -04:00 [INF] Executed DbCommand (9ms) [Parameters=[], CommandType='"Text"', CommandTimeout='30']
ALTER TABLE user_roles DROP CONSTRAINT "FK_user_roles_Users_UserId";
2026-02-15 15:20:34.922 -04:00 [INF] Executed DbCommand (28ms) [Parameters=[], CommandType='"Text"', CommandTimeout='30']
ALTER TABLE "Users" DROP CONSTRAINT "PK_Users";
2026-02-15 15:20:34.933 -04:00 [INF] Executed DbCommand (9ms) [Parameters=[], CommandType='"Text"', CommandTimeout='30']
ALTER TABLE "Roles" DROP CONSTRAINT "PK_Roles";
2026-02-15 15:20:34.946 -04:00 [INF] Executed DbCommand (11ms) [Parameters=[], CommandType='"Text"', CommandTimeout='30']
ALTER TABLE "TestCasePriorities" DROP CONSTRAINT "PK_TestCasePriorities";
2026-02-15 15:20:34.956 -04:00 [INF] Executed DbCommand (7ms) [Parameters=[], CommandType='"Text"', CommandTimeout='30']
ALTER TABLE "TaskPriorities" DROP CONSTRAINT "PK_TaskPriorities";
2026-02-15 15:20:34.969 -04:00 [INF] Executed DbCommand (10ms) [Parameters=[], CommandType='"Text"', CommandTimeout='30']
ALTER TABLE "StepResultStatuses" DROP CONSTRAINT "PK_StepResultStatuses";
2026-02-15 15:20:34.984 -04:00 [INF] Executed DbCommand (12ms) [Parameters=[], CommandType='"Text"', CommandTimeout='30']
ALTER TABLE "EvidenceTypes" DROP CONSTRAINT "PK_EvidenceTypes";
2026-02-15 15:20:35.012 -04:00 [INF] Executed DbCommand (23ms) [Parameters=[], CommandType='"Text"', CommandTimeout='30']
ALTER TABLE "Users" RENAME TO users;
2026-02-15 15:20:35.083 -04:00 [INF] Executed DbCommand (5ms) [Parameters=[], CommandType='"Text"', CommandTimeout='30']
ALTER TABLE "Roles" RENAME TO roles;
2026-02-15 15:20:35.092 -04:00 [INF] Executed DbCommand (5ms) [Parameters=[], CommandType='"Text"', CommandTimeout='30']
ALTER TABLE "TestCasePriorities" RENAME TO test_case_priorities;
2026-02-15 15:20:35.125 -04:00 [INF] Executed DbCommand (29ms) [Parameters=[], CommandType='"Text"', CommandTimeout='30']
ALTER TABLE "TaskPriorities" RENAME TO task_priorities;
2026-02-15 15:20:35.141 -04:00 [INF] Executed DbCommand (12ms) [Parameters=[], CommandType='"Text"', CommandTimeout='30']
ALTER TABLE "StepResultStatuses" RENAME TO step_result_statuses;
2026-02-15 15:20:35.150 -04:00 [INF] Executed DbCommand (5ms) [Parameters=[], CommandType='"Text"', CommandTimeout='30']
ALTER TABLE "EvidenceTypes" RENAME TO evidence_types;
2026-02-15 15:20:35.163 -04:00 [INF] Executed DbCommand (9ms) [Parameters=[], CommandType='"Text"', CommandTimeout='30']
ALTER TABLE users RENAME COLUMN "Username" TO username;
2026-02-15 15:20:35.170 -04:00 [INF] Executed DbCommand (3ms) [Parameters=[], CommandType='"Text"', CommandTimeout='30']
ALTER TABLE users RENAME COLUMN "Email" TO email;
2026-02-15 15:20:35.192 -04:00 [INF] Executed DbCommand (16ms) [Parameters=[], CommandType='"Text"', CommandTimeout='30']
ALTER TABLE users RENAME COLUMN "Id" TO id;
2026-02-15 15:20:35.199 -04:00 [INF] Executed DbCommand (4ms) [Parameters=[], CommandType='"Text"', CommandTimeout='30']
ALTER TABLE users RENAME COLUMN "UpdatedAt" TO updated_at;
2026-02-15 15:20:35.210 -04:00 [INF] Executed DbCommand (7ms) [Parameters=[], CommandType='"Text"', CommandTimeout='30']
ALTER TABLE users RENAME COLUMN "RefreshTokenExpiryTime" TO refresh_token_expiry_time;
2026-02-15 15:20:35.215 -04:00 [INF] Executed DbCommand (3ms) [Parameters=[], CommandType='"Text"', CommandTimeout='30']
ALTER TABLE users RENAME COLUMN "RefreshToken" TO refresh_token;
2026-02-15 15:20:35.221 -04:00 [INF] Executed DbCommand (3ms) [Parameters=[], CommandType='"Text"', CommandTimeout='30']
ALTER TABLE users RENAME COLUMN "PasswordHash" TO password_hash;
2026-02-15 15:20:35.226 -04:00 [INF] Executed DbCommand (2ms) [Parameters=[], CommandType='"Text"', CommandTimeout='30']
ALTER TABLE users RENAME COLUMN "IsActive" TO is_active;
2026-02-15 15:20:35.231 -04:00 [INF] Executed DbCommand (2ms) [Parameters=[], CommandType='"Text"', CommandTimeout='30']
ALTER TABLE users RENAME COLUMN "FullName" TO full_name;
2026-02-15 15:20:35.237 -04:00 [INF] Executed DbCommand (4ms) [Parameters=[], CommandType='"Text"', CommandTimeout='30']
ALTER TABLE users RENAME COLUMN "CreatedAt" TO created_at;
2026-02-15 15:20:35.244 -04:00 [INF] Executed DbCommand (3ms) [Parameters=[], CommandType='"Text"', CommandTimeout='30']
ALTER TABLE roles RENAME COLUMN "Name" TO name;
2026-02-15 15:20:35.250 -04:00 [INF] Executed DbCommand (3ms) [Parameters=[], CommandType='"Text"', CommandTimeout='30']
ALTER TABLE roles RENAME COLUMN "Description" TO description;
2026-02-15 15:20:35.256 -04:00 [INF] Executed DbCommand (3ms) [Parameters=[], CommandType='"Text"', CommandTimeout='30']
ALTER TABLE roles RENAME COLUMN "Id" TO id;
2026-02-15 15:20:35.263 -04:00 [INF] Executed DbCommand (3ms) [Parameters=[], CommandType='"Text"', CommandTimeout='30']
ALTER TABLE roles RENAME COLUMN "IsActive" TO is_active;
2026-02-15 15:20:35.271 -04:00 [INF] Executed DbCommand (3ms) [Parameters=[], CommandType='"Text"', CommandTimeout='30']
ALTER TABLE roles RENAME COLUMN "CreatedAt" TO created_at;
2026-02-15 15:20:35.287 -04:00 [INF] Executed DbCommand (8ms) [Parameters=[], CommandType='"Text"', CommandTimeout='30']
ALTER TABLE test_case_priorities RENAME COLUMN "Name" TO name;
2026-02-15 15:20:35.293 -04:00 [INF] Executed DbCommand (3ms) [Parameters=[], CommandType='"Text"', CommandTimeout='30']
ALTER TABLE test_case_priorities RENAME COLUMN "Description" TO description;
2026-02-15 15:20:35.299 -04:00 [INF] Executed DbCommand (4ms) [Parameters=[], CommandType='"Text"', CommandTimeout='30']
ALTER TABLE test_case_priorities RENAME COLUMN "Code" TO code;
2026-02-15 15:20:35.307 -04:00 [INF] Executed DbCommand (5ms) [Parameters=[], CommandType='"Text"', CommandTimeout='30']
ALTER TABLE test_case_priorities RENAME COLUMN "Id" TO id;
2026-02-15 15:20:35.313 -04:00 [INF] Executed DbCommand (3ms) [Parameters=[], CommandType='"Text"', CommandTimeout='30']
ALTER TABLE test_case_priorities RENAME COLUMN "SortOrder" TO sort_order;
2026-02-15 15:20:35.324 -04:00 [INF] Executed DbCommand (8ms) [Parameters=[], CommandType='"Text"', CommandTimeout='30']
ALTER TABLE test_case_priorities RENAME COLUMN "IsActive" TO is_active;
2026-02-15 15:20:35.336 -04:00 [INF] Executed DbCommand (7ms) [Parameters=[], CommandType='"Text"', CommandTimeout='30']
ALTER TABLE test_case_priorities RENAME COLUMN "CreatedAt" TO created_at;
2026-02-15 15:20:35.348 -04:00 [INF] Executed DbCommand (8ms) [Parameters=[], CommandType='"Text"', CommandTimeout='30']
ALTER TABLE task_priorities RENAME COLUMN "Name" TO name;
2026-02-15 15:20:35.367 -04:00 [INF] Executed DbCommand (16ms) [Parameters=[], CommandType='"Text"', CommandTimeout='30']
ALTER TABLE task_priorities RENAME COLUMN "Description" TO description;
2026-02-15 15:20:35.377 -04:00 [INF] Executed DbCommand (7ms) [Parameters=[], CommandType='"Text"', CommandTimeout='30']
ALTER TABLE task_priorities RENAME COLUMN "Code" TO code;
2026-02-15 15:20:35.386 -04:00 [INF] Executed DbCommand (5ms) [Parameters=[], CommandType='"Text"', CommandTimeout='30']
ALTER TABLE task_priorities RENAME COLUMN "Id" TO id;
2026-02-15 15:20:35.394 -04:00 [INF] Executed DbCommand (5ms) [Parameters=[], CommandType='"Text"', CommandTimeout='30']
ALTER TABLE task_priorities RENAME COLUMN "SortOrder" TO sort_order;
2026-02-15 15:20:35.402 -04:00 [INF] Executed DbCommand (6ms) [Parameters=[], CommandType='"Text"', CommandTimeout='30']
ALTER TABLE task_priorities RENAME COLUMN "IsActive" TO is_active;
2026-02-15 15:20:35.416 -04:00 [INF] Executed DbCommand (11ms) [Parameters=[], CommandType='"Text"', CommandTimeout='30']
ALTER TABLE task_priorities RENAME COLUMN "CreatedAt" TO created_at;
2026-02-15 15:20:35.432 -04:00 [INF] Executed DbCommand (12ms) [Parameters=[], CommandType='"Text"', CommandTimeout='30']
ALTER TABLE step_result_statuses RENAME COLUMN "Name" TO name;
2026-02-15 15:20:35.440 -04:00 [INF] Executed DbCommand (6ms) [Parameters=[], CommandType='"Text"', CommandTimeout='30']
ALTER TABLE step_result_statuses RENAME COLUMN "Description" TO description;
2026-02-15 15:20:35.455 -04:00 [INF] Executed DbCommand (10ms) [Parameters=[], CommandType='"Text"', CommandTimeout='30']
ALTER TABLE step_result_statuses RENAME COLUMN "Code" TO code;
2026-02-15 15:20:35.466 -04:00 [INF] Executed DbCommand (8ms) [Parameters=[], CommandType='"Text"', CommandTimeout='30']
ALTER TABLE step_result_statuses RENAME COLUMN "Id" TO id;
2026-02-15 15:20:35.496 -04:00 [INF] Executed DbCommand (27ms) [Parameters=[], CommandType='"Text"', CommandTimeout='30']
ALTER TABLE step_result_statuses RENAME COLUMN "SortOrder" TO sort_order;
2026-02-15 15:20:35.510 -04:00 [INF] Executed DbCommand (11ms) [Parameters=[], CommandType='"Text"', CommandTimeout='30']
ALTER TABLE step_result_statuses RENAME COLUMN "IsActive" TO is_active;
2026-02-15 15:20:35.532 -04:00 [INF] Executed DbCommand (17ms) [Parameters=[], CommandType='"Text"', CommandTimeout='30']
ALTER TABLE step_result_statuses RENAME COLUMN "CreatedAt" TO created_at;
2026-02-15 15:20:35.568 -04:00 [INF] Executed DbCommand (29ms) [Parameters=[], CommandType='"Text"', CommandTimeout='30']
ALTER TABLE evidence_types RENAME COLUMN "Name" TO name;
2026-02-15 15:20:35.588 -04:00 [INF] Executed DbCommand (16ms) [Parameters=[], CommandType='"Text"', CommandTimeout='30']
ALTER TABLE evidence_types RENAME COLUMN "Description" TO description;
2026-02-15 15:20:35.603 -04:00 [INF] Executed DbCommand (9ms) [Parameters=[], CommandType='"Text"', CommandTimeout='30']
ALTER TABLE evidence_types RENAME COLUMN "Code" TO code;
2026-02-15 15:20:35.622 -04:00 [INF] Executed DbCommand (15ms) [Parameters=[], CommandType='"Text"', CommandTimeout='30']
ALTER TABLE evidence_types RENAME COLUMN "Id" TO id;
2026-02-15 15:20:35.637 -04:00 [INF] Executed DbCommand (10ms) [Parameters=[], CommandType='"Text"', CommandTimeout='30']
ALTER TABLE evidence_types RENAME COLUMN "SortOrder" TO sort_order;
2026-02-15 15:20:35.663 -04:00 [INF] Executed DbCommand (22ms) [Parameters=[], CommandType='"Text"', CommandTimeout='30']
ALTER TABLE evidence_types RENAME COLUMN "IsActive" TO is_active;
2026-02-15 15:20:35.687 -04:00 [INF] Executed DbCommand (20ms) [Parameters=[], CommandType='"Text"', CommandTimeout='30']
ALTER TABLE evidence_types RENAME COLUMN "CreatedAt" TO created_at;
2026-02-15 15:20:35.812 -04:00 [INF] Executed DbCommand (122ms) [Parameters=[], CommandType='"Text"', CommandTimeout='30']
ALTER TABLE users ALTER COLUMN username TYPE character varying(100);
2026-02-15 15:20:35.864 -04:00 [INF] Executed DbCommand (49ms) [Parameters=[], CommandType='"Text"', CommandTimeout='30']
ALTER TABLE users ALTER COLUMN email TYPE character varying(150);
2026-02-15 15:20:35.878 -04:00 [INF] Executed DbCommand (9ms) [Parameters=[], CommandType='"Text"', CommandTimeout='30']
ALTER TABLE users ALTER COLUMN is_active SET DEFAULT TRUE;
2026-02-15 15:20:35.923 -04:00 [INF] Executed DbCommand (41ms) [Parameters=[], CommandType='"Text"', CommandTimeout='30']
ALTER TABLE users ALTER COLUMN full_name TYPE character varying(200);
2026-02-15 15:20:35.938 -04:00 [INF] Executed DbCommand (12ms) [Parameters=[], CommandType='"Text"', CommandTimeout='30']
ALTER TABLE users ALTER COLUMN created_at SET DEFAULT (NOW());
2026-02-15 15:20:35.989 -04:00 [INF] Executed DbCommand (47ms) [Parameters=[], CommandType='"Text"', CommandTimeout='30']
ALTER TABLE roles ALTER COLUMN name TYPE character varying(100);
2026-02-15 15:20:36.030 -04:00 [INF] Executed DbCommand (37ms) [Parameters=[], CommandType='"Text"', CommandTimeout='30']
ALTER TABLE roles ALTER COLUMN description TYPE character varying(500);
2026-02-15 15:20:36.039 -04:00 [INF] Executed DbCommand (4ms) [Parameters=[], CommandType='"Text"', CommandTimeout='30']
ALTER TABLE roles ALTER COLUMN is_active SET DEFAULT TRUE;
2026-02-15 15:20:36.046 -04:00 [INF] Executed DbCommand (4ms) [Parameters=[], CommandType='"Text"', CommandTimeout='30']
ALTER TABLE roles ALTER COLUMN created_at SET DEFAULT (NOW());
2026-02-15 15:20:36.077 -04:00 [INF] Executed DbCommand (28ms) [Parameters=[], CommandType='"Text"', CommandTimeout='30']
ALTER TABLE test_case_priorities ALTER COLUMN name TYPE character varying(100);
2026-02-15 15:20:36.109 -04:00 [INF] Executed DbCommand (28ms) [Parameters=[], CommandType='"Text"', CommandTimeout='30']
ALTER TABLE test_case_priorities ALTER COLUMN description TYPE character varying(500);
2026-02-15 15:20:36.145 -04:00 [INF] Executed DbCommand (26ms) [Parameters=[], CommandType='"Text"', CommandTimeout='30']
ALTER TABLE test_case_priorities ALTER COLUMN code TYPE character varying(50);
2026-02-15 15:20:36.160 -04:00 [INF] Executed DbCommand (6ms) [Parameters=[], CommandType='"Text"', CommandTimeout='30']
ALTER TABLE test_case_priorities ALTER COLUMN sort_order SET DEFAULT 0;
2026-02-15 15:20:36.176 -04:00 [INF] Executed DbCommand (7ms) [Parameters=[], CommandType='"Text"', CommandTimeout='30']
ALTER TABLE test_case_priorities ALTER COLUMN is_active SET DEFAULT TRUE;
2026-02-15 15:20:36.188 -04:00 [INF] Executed DbCommand (5ms) [Parameters=[], CommandType='"Text"', CommandTimeout='30']
ALTER TABLE test_case_priorities ALTER COLUMN created_at SET DEFAULT (NOW());
2026-02-15 15:20:36.234 -04:00 [INF] Executed DbCommand (37ms) [Parameters=[], CommandType='"Text"', CommandTimeout='30']
ALTER TABLE task_priorities ALTER COLUMN name TYPE character varying(100);
2026-02-15 15:20:36.266 -04:00 [INF] Executed DbCommand (26ms) [Parameters=[], CommandType='"Text"', CommandTimeout='30']
ALTER TABLE task_priorities ALTER COLUMN description TYPE character varying(500);
2026-02-15 15:20:36.291 -04:00 [INF] Executed DbCommand (23ms) [Parameters=[], CommandType='"Text"', CommandTimeout='30']
ALTER TABLE task_priorities ALTER COLUMN code TYPE character varying(50);
2026-02-15 15:20:36.298 -04:00 [INF] Executed DbCommand (4ms) [Parameters=[], CommandType='"Text"', CommandTimeout='30']
ALTER TABLE task_priorities ALTER COLUMN sort_order SET DEFAULT 0;
2026-02-15 15:20:36.306 -04:00 [INF] Executed DbCommand (4ms) [Parameters=[], CommandType='"Text"', CommandTimeout='30']
ALTER TABLE task_priorities ALTER COLUMN is_active SET DEFAULT TRUE;
2026-02-15 15:20:36.314 -04:00 [INF] Executed DbCommand (4ms) [Parameters=[], CommandType='"Text"', CommandTimeout='30']
ALTER TABLE task_priorities ALTER COLUMN created_at SET DEFAULT (NOW());
2026-02-15 15:20:36.346 -04:00 [INF] Executed DbCommand (28ms) [Parameters=[], CommandType='"Text"', CommandTimeout='30']
ALTER TABLE step_result_statuses ALTER COLUMN name TYPE character varying(100);
2026-02-15 15:20:36.371 -04:00 [INF] Executed DbCommand (21ms) [Parameters=[], CommandType='"Text"', CommandTimeout='30']
ALTER TABLE step_result_statuses ALTER COLUMN description TYPE character varying(500);
2026-02-15 15:20:36.400 -04:00 [INF] Executed DbCommand (24ms) [Parameters=[], CommandType='"Text"', CommandTimeout='30']
ALTER TABLE step_result_statuses ALTER COLUMN code TYPE character varying(50);
2026-02-15 15:20:36.408 -04:00 [INF] Executed DbCommand (3ms) [Parameters=[], CommandType='"Text"', CommandTimeout='30']
ALTER TABLE step_result_statuses ALTER COLUMN sort_order SET DEFAULT 0;
2026-02-15 15:20:36.420 -04:00 [INF] Executed DbCommand (4ms) [Parameters=[], CommandType='"Text"', CommandTimeout='30']
ALTER TABLE step_result_statuses ALTER COLUMN is_active SET DEFAULT TRUE;
2026-02-15 15:20:36.428 -04:00 [INF] Executed DbCommand (3ms) [Parameters=[], CommandType='"Text"', CommandTimeout='30']
ALTER TABLE step_result_statuses ALTER COLUMN created_at SET DEFAULT (NOW());
2026-02-15 15:20:36.457 -04:00 [INF] Executed DbCommand (23ms) [Parameters=[], CommandType='"Text"', CommandTimeout='30']
ALTER TABLE evidence_types ALTER COLUMN name TYPE character varying(100);
2026-02-15 15:20:36.483 -04:00 [INF] Executed DbCommand (21ms) [Parameters=[], CommandType='"Text"', CommandTimeout='30']
ALTER TABLE evidence_types ALTER COLUMN description TYPE character varying(500);
2026-02-15 15:20:36.521 -04:00 [INF] Executed DbCommand (33ms) [Parameters=[], CommandType='"Text"', CommandTimeout='30']
ALTER TABLE evidence_types ALTER COLUMN code TYPE character varying(50);
2026-02-15 15:20:36.534 -04:00 [INF] Executed DbCommand (4ms) [Parameters=[], CommandType='"Text"', CommandTimeout='30']
ALTER TABLE evidence_types ALTER COLUMN sort_order SET DEFAULT 0;
2026-02-15 15:20:36.544 -04:00 [INF] Executed DbCommand (5ms) [Parameters=[], CommandType='"Text"', CommandTimeout='30']
ALTER TABLE evidence_types ALTER COLUMN is_active SET DEFAULT TRUE;
2026-02-15 15:20:36.553 -04:00 [INF] Executed DbCommand (3ms) [Parameters=[], CommandType='"Text"', CommandTimeout='30']
ALTER TABLE evidence_types ALTER COLUMN created_at SET DEFAULT (NOW());
2026-02-15 15:20:36.592 -04:00 [INF] Executed DbCommand (33ms) [Parameters=[], CommandType='"Text"', CommandTimeout='30']
ALTER TABLE users ADD CONSTRAINT "PK_users" PRIMARY KEY (id);
2026-02-15 15:20:36.615 -04:00 [INF] Executed DbCommand (18ms) [Parameters=[], CommandType='"Text"', CommandTimeout='30']
ALTER TABLE roles ADD CONSTRAINT "PK_roles" PRIMARY KEY (id);
2026-02-15 15:20:36.637 -04:00 [INF] Executed DbCommand (16ms) [Parameters=[], CommandType='"Text"', CommandTimeout='30']
ALTER TABLE test_case_priorities ADD CONSTRAINT "PK_test_case_priorities" PRIMARY KEY (id);
2026-02-15 15:20:36.664 -04:00 [INF] Executed DbCommand (22ms) [Parameters=[], CommandType='"Text"', CommandTimeout='30']
ALTER TABLE task_priorities ADD CONSTRAINT "PK_task_priorities" PRIMARY KEY (id);
2026-02-15 15:20:36.708 -04:00 [INF] Executed DbCommand (37ms) [Parameters=[], CommandType='"Text"', CommandTimeout='30']
ALTER TABLE step_result_statuses ADD CONSTRAINT "PK_step_result_statuses" PRIMARY KEY (id);
2026-02-15 15:20:36.742 -04:00 [INF] Executed DbCommand (25ms) [Parameters=[], CommandType='"Text"', CommandTimeout='30']
ALTER TABLE evidence_types ADD CONSTRAINT "PK_evidence_types" PRIMARY KEY (id);
2026-02-15 15:20:36.838 -04:00 [ERR] Failed executing DbCommand (89ms) [Parameters=[], CommandType='"Text"', CommandTimeout='30']
INSERT INTO evidence_types (id, code, created_at, description, is_active, name, sort_order)
VALUES (1, 'IMAGE', TIMESTAMPTZ '2026-02-15T19:20:05.647548Z', NULL, TRUE, 'Imagen', 1);
INSERT INTO evidence_types (id, code, created_at, description, is_active, name, sort_order)
VALUES (2, 'VIDEO', TIMESTAMPTZ '2026-02-15T19:20:05.647548Z', NULL, TRUE, 'Video', 2);
INSERT INTO evidence_types (id, code, created_at, description, is_active, name, sort_order)
VALUES (3, 'DOCUMENT', TIMESTAMPTZ '2026-02-15T19:20:05.647549Z', NULL, TRUE, 'Documento', 3);
INSERT INTO evidence_types (id, code, created_at, description, is_active, name, sort_order)
VALUES (4, 'LOG_FILE', TIMESTAMPTZ '2026-02-15T19:20:05.647549Z', NULL, TRUE, 'Archivo de Log', 4);
2026-02-15 15:22:09.871 -04:00 [INF] Executed DbCommand (356ms) [Parameters=[], CommandType='"Text"', CommandTimeout='30']
DROP DATABASE qams_db WITH (FORCE);
2026-02-15 15:22:31.485 -04:00 [INF] Executed DbCommand (398ms) [Parameters=[], CommandType='"Text"', CommandTimeout='30']
CREATE DATABASE qams_db;
2026-02-15 15:22:32.115 -04:00 [INF] Executed DbCommand (114ms) [Parameters=[], CommandType='"Text"', CommandTimeout='30']
CREATE TABLE "__EFMigrationsHistory" (
    "MigrationId" character varying(150) NOT NULL,
    "ProductVersion" character varying(32) NOT NULL,
    CONSTRAINT "PK___EFMigrationsHistory" PRIMARY KEY ("MigrationId")
);
2026-02-15 15:22:32.193 -04:00 [INF] Executed DbCommand (29ms) [Parameters=[], CommandType='"Text"', CommandTimeout='30']
SELECT EXISTS (
    SELECT 1 FROM pg_catalog.pg_class c
    JOIN pg_catalog.pg_namespace n ON n.oid=c.relnamespace
    WHERE n.nspname='public' AND
          c.relname='__EFMigrationsHistory'
)
2026-02-15 15:22:32.347 -04:00 [INF] Executed DbCommand (148ms) [Parameters=[], CommandType='"Text"', CommandTimeout='30']
SELECT "MigrationId", "ProductVersion"
FROM "__EFMigrationsHistory"
ORDER BY "MigrationId";
2026-02-15 15:22:32.371 -04:00 [INF] Applying migration '20260214041238_InitialCreate'.
2026-02-15 15:22:32.582 -04:00 [INF] Executed DbCommand (99ms) [Parameters=[], CommandType='"Text"', CommandTimeout='30']
CREATE TABLE "EvidenceTypes" (
    "Id" integer GENERATED BY DEFAULT AS IDENTITY,
    "Code" text NOT NULL,
    "Name" text NOT NULL,
    "Description" text,
    "SortOrder" integer NOT NULL,
    "IsActive" boolean NOT NULL,
    "CreatedAt" timestamp with time zone NOT NULL,
    CONSTRAINT "PK_EvidenceTypes" PRIMARY KEY ("Id")
);
2026-02-15 15:22:32.706 -04:00 [INF] Executed DbCommand (120ms) [Parameters=[], CommandType='"Text"', CommandTimeout='30']
CREATE TABLE execution_statuses (
    id integer GENERATED BY DEFAULT AS IDENTITY,
    code character varying(50) NOT NULL,
    name character varying(100) NOT NULL,
    description character varying(500),
    sort_order integer NOT NULL DEFAULT 0,
    is_active boolean NOT NULL DEFAULT TRUE,
    created_at timestamp with time zone NOT NULL DEFAULT (NOW()),
    CONSTRAINT "PK_execution_statuses" PRIMARY KEY (id)
);
2026-02-15 15:22:32.886 -04:00 [INF] Executed DbCommand (147ms) [Parameters=[], CommandType='"Text"', CommandTimeout='30']
CREATE TABLE "Permissions" (
    "Id" uuid NOT NULL,
    "Code" text NOT NULL,
    "Description" text NOT NULL,
    "Module" text NOT NULL,
    "CreatedAt" timestamp with time zone NOT NULL,
    CONSTRAINT "PK_Permissions" PRIMARY KEY ("Id")
);
2026-02-15 15:22:32.936 -04:00 [INF] Executed DbCommand (29ms) [Parameters=[], CommandType='"Text"', CommandTimeout='30']
CREATE TABLE "Projects" (
    "Id" uuid NOT NULL,
    "Name" text NOT NULL,
    "Description" text,
    "IsActive" boolean NOT NULL,
    "CreatedAt" timestamp with time zone NOT NULL,
    "UpdatedAt" timestamp with time zone,
    CONSTRAINT "PK_Projects" PRIMARY KEY ("Id")
);
2026-02-15 15:22:33.070 -04:00 [INF] Executed DbCommand (131ms) [Parameters=[], CommandType='"Text"', CommandTimeout='30']
CREATE TABLE "Roles" (
    "Id" uuid NOT NULL,
    "Name" text NOT NULL,
    "Description" text,
    "IsActive" boolean NOT NULL,
    "CreatedAt" timestamp with time zone NOT NULL,
    CONSTRAINT "PK_Roles" PRIMARY KEY ("Id")
);
2026-02-15 15:22:33.220 -04:00 [INF] Executed DbCommand (135ms) [Parameters=[], CommandType='"Text"', CommandTimeout='30']
CREATE TABLE "StepResultStatuses" (
    "Id" integer GENERATED BY DEFAULT AS IDENTITY,
    "Code" text NOT NULL,
    "Name" text NOT NULL,
    "Description" text,
    "SortOrder" integer NOT NULL,
    "IsActive" boolean NOT NULL,
    "CreatedAt" timestamp with time zone NOT NULL,
    CONSTRAINT "PK_StepResultStatuses" PRIMARY KEY ("Id")
);
2026-02-15 15:22:33.617 -04:00 [INF] Executed DbCommand (381ms) [Parameters=[], CommandType='"Text"', CommandTimeout='30']
CREATE TABLE "TaskPriorities" (
    "Id" integer GENERATED BY DEFAULT AS IDENTITY,
    "Code" text NOT NULL,
    "Name" text NOT NULL,
    "Description" text,
    "SortOrder" integer NOT NULL,
    "IsActive" boolean NOT NULL,
    "CreatedAt" timestamp with time zone NOT NULL,
    CONSTRAINT "PK_TaskPriorities" PRIMARY KEY ("Id")
);
2026-02-15 15:22:33.880 -04:00 [INF] Executed DbCommand (248ms) [Parameters=[], CommandType='"Text"', CommandTimeout='30']
CREATE TABLE "TestCasePriorities" (
    "Id" integer GENERATED BY DEFAULT AS IDENTITY,
    "Code" text NOT NULL,
    "Name" text NOT NULL,
    "Description" text,
    "SortOrder" integer NOT NULL,
    "IsActive" boolean NOT NULL,
    "CreatedAt" timestamp with time zone NOT NULL,
    CONSTRAINT "PK_TestCasePriorities" PRIMARY KEY ("Id")
);
2026-02-15 15:22:33.936 -04:00 [INF] Executed DbCommand (53ms) [Parameters=[], CommandType='"Text"', CommandTimeout='30']
CREATE TABLE "Users" (
    "Id" uuid NOT NULL,
    "Username" text NOT NULL,
    "Email" text NOT NULL,
    "PasswordHash" text NOT NULL,
    "FullName" text NOT NULL,
    "IsActive" boolean NOT NULL,
    "RefreshToken" text,
    "RefreshTokenExpiryTime" timestamp with time zone,
    "CreatedAt" timestamp with time zone NOT NULL,
    "UpdatedAt" timestamp with time zone,
    CONSTRAINT "PK_Users" PRIMARY KEY ("Id")
);
2026-02-15 15:22:33.969 -04:00 [INF] Executed DbCommand (27ms) [Parameters=[], CommandType='"Text"', CommandTimeout='30']
CREATE TABLE "KanbanBoards" (
    "Id" uuid NOT NULL,
    "ProjectId" uuid NOT NULL,
    "Name" text NOT NULL,
    "CreatedAt" timestamp with time zone NOT NULL,
    CONSTRAINT "PK_KanbanBoards" PRIMARY KEY ("Id"),
    CONSTRAINT "FK_KanbanBoards_Projects_ProjectId" FOREIGN KEY ("ProjectId") REFERENCES "Projects" ("Id") ON DELETE CASCADE
);
2026-02-15 15:22:34.001 -04:00 [INF] Executed DbCommand (29ms) [Parameters=[], CommandType='"Text"', CommandTimeout='30']
CREATE TABLE "TestSuites" (
    "Id" uuid NOT NULL,
    "ProjectId" uuid NOT NULL,
    "Name" text NOT NULL,
    "Description" text,
    "CreatedAt" timestamp with time zone NOT NULL,
    CONSTRAINT "PK_TestSuites" PRIMARY KEY ("Id"),
    CONSTRAINT "FK_TestSuites_Projects_ProjectId" FOREIGN KEY ("ProjectId") REFERENCES "Projects" ("Id") ON DELETE CASCADE
);
2026-02-15 15:22:34.027 -04:00 [INF] Executed DbCommand (22ms) [Parameters=[], CommandType='"Text"', CommandTimeout='30']
CREATE TABLE role_permissions (
    "RoleId" uuid NOT NULL,
    "PermissionId" uuid NOT NULL,
    "AssignedAt" timestamp with time zone NOT NULL,
    CONSTRAINT "PK_role_permissions" PRIMARY KEY ("RoleId", "PermissionId"),
    CONSTRAINT "FK_role_permissions_Permissions_PermissionId" FOREIGN KEY ("PermissionId") REFERENCES "Permissions" ("Id") ON DELETE CASCADE,
    CONSTRAINT "FK_role_permissions_Roles_RoleId" FOREIGN KEY ("RoleId") REFERENCES "Roles" ("Id") ON DELETE CASCADE
);
2026-02-15 15:22:34.050 -04:00 [INF] Executed DbCommand (20ms) [Parameters=[], CommandType='"Text"', CommandTimeout='30']
CREATE TABLE user_roles (
    "UserId" uuid NOT NULL,
    "RoleId" uuid NOT NULL,
    "AssignedAt" timestamp with time zone NOT NULL,
    CONSTRAINT "PK_user_roles" PRIMARY KEY ("UserId", "RoleId"),
    CONSTRAINT "FK_user_roles_Roles_RoleId" FOREIGN KEY ("RoleId") REFERENCES "Roles" ("Id") ON DELETE CASCADE,
    CONSTRAINT "FK_user_roles_Users_UserId" FOREIGN KEY ("UserId") REFERENCES "Users" ("Id") ON DELETE CASCADE
);
2026-02-15 15:22:34.090 -04:00 [INF] Executed DbCommand (36ms) [Parameters=[], CommandType='"Text"', CommandTimeout='30']
CREATE TABLE "KanbanColumns" (
    "Id" uuid NOT NULL,
    "KanbanBoardId" uuid NOT NULL,
    "Name" text NOT NULL,
    "OrderIndex" integer NOT NULL,
    "CreatedAt" timestamp with time zone NOT NULL,
    CONSTRAINT "PK_KanbanColumns" PRIMARY KEY ("Id"),
    CONSTRAINT "FK_KanbanColumns_KanbanBoards_KanbanBoardId" FOREIGN KEY ("KanbanBoardId") REFERENCES "KanbanBoards" ("Id") ON DELETE CASCADE
);
2026-02-15 15:22:34.124 -04:00 [INF] Executed DbCommand (30ms) [Parameters=[], CommandType='"Text"', CommandTimeout='30']
CREATE TABLE "TestCases" (
    "Id" uuid NOT NULL,
    "TestSuiteId" uuid NOT NULL,
    "Title" text NOT NULL,
    "Description" text,
    "Preconditions" text,
    "ExpectedResult" text NOT NULL,
    "PriorityId" integer NOT NULL,
    "IsActive" boolean NOT NULL,
    "CreatedAt" timestamp with time zone NOT NULL,
    "UpdatedAt" timestamp with time zone,
    CONSTRAINT "PK_TestCases" PRIMARY KEY ("Id"),
    CONSTRAINT "FK_TestCases_TestCasePriorities_PriorityId" FOREIGN KEY ("PriorityId") REFERENCES "TestCasePriorities" ("Id") ON DELETE CASCADE,
    CONSTRAINT "FK_TestCases_TestSuites_TestSuiteId" FOREIGN KEY ("TestSuiteId") REFERENCES "TestSuites" ("Id") ON DELETE CASCADE
);
2026-02-15 15:22:34.163 -04:00 [INF] Executed DbCommand (36ms) [Parameters=[], CommandType='"Text"', CommandTimeout='30']
CREATE TABLE "KanbanTasks" (
    "Id" uuid NOT NULL,
    "KanbanColumnId" uuid NOT NULL,
    "Title" text NOT NULL,
    "Description" text,
    "AssigneeId" uuid,
    "TestCaseId" uuid,
    "PriorityId" integer NOT NULL,
    "DueDate" timestamp with time zone,
    "OrderIndex" integer NOT NULL,
    "CreatedAt" timestamp with time zone NOT NULL,
    "UpdatedAt" timestamp with time zone,
    CONSTRAINT "PK_KanbanTasks" PRIMARY KEY ("Id"),
    CONSTRAINT "FK_KanbanTasks_KanbanColumns_KanbanColumnId" FOREIGN KEY ("KanbanColumnId") REFERENCES "KanbanColumns" ("Id") ON DELETE CASCADE,
    CONSTRAINT "FK_KanbanTasks_TaskPriorities_PriorityId" FOREIGN KEY ("PriorityId") REFERENCES "TaskPriorities" ("Id") ON DELETE CASCADE,
    CONSTRAINT "FK_KanbanTasks_TestCases_TestCaseId" FOREIGN KEY ("TestCaseId") REFERENCES "TestCases" ("Id"),
    CONSTRAINT "FK_KanbanTasks_Users_AssigneeId" FOREIGN KEY ("AssigneeId") REFERENCES "Users" ("Id")
);
2026-02-15 15:22:34.193 -04:00 [INF] Executed DbCommand (26ms) [Parameters=[], CommandType='"Text"', CommandTimeout='30']
CREATE TABLE test_executions (
    id uuid NOT NULL,
    test_case_id uuid NOT NULL,
    tester_id uuid NOT NULL,
    status_id integer NOT NULL,
    notes character varying(2000),
    execution_date timestamp with time zone NOT NULL DEFAULT (NOW()),
    completed_at timestamp with time zone,
    CONSTRAINT "PK_test_executions" PRIMARY KEY (id),
    CONSTRAINT "FK_test_executions_TestCases_test_case_id" FOREIGN KEY (test_case_id) REFERENCES "TestCases" ("Id") ON DELETE CASCADE,
    CONSTRAINT "FK_test_executions_Users_tester_id" FOREIGN KEY (tester_id) REFERENCES "Users" ("Id") ON DELETE RESTRICT,
    CONSTRAINT "FK_test_executions_execution_statuses_status_id" FOREIGN KEY (status_id) REFERENCES execution_statuses (id) ON DELETE RESTRICT
);
2026-02-15 15:22:34.221 -04:00 [INF] Executed DbCommand (25ms) [Parameters=[], CommandType='"Text"', CommandTimeout='30']
CREATE TABLE "TestSteps" (
    "Id" uuid NOT NULL,
    "TestCaseId" uuid NOT NULL,
    "StepOrder" integer NOT NULL,
    "Action" text NOT NULL,
    "ExpectedResult" text NOT NULL,
    CONSTRAINT "PK_TestSteps" PRIMARY KEY ("Id"),
    CONSTRAINT "FK_TestSteps_TestCases_TestCaseId" FOREIGN KEY ("TestCaseId") REFERENCES "TestCases" ("Id") ON DELETE CASCADE
);
2026-02-15 15:22:34.255 -04:00 [INF] Executed DbCommand (32ms) [Parameters=[], CommandType='"Text"', CommandTimeout='30']
CREATE TABLE "Evidences" (
    "Id" uuid NOT NULL,
    "TestExecutionId" uuid NOT NULL,
    "FileTypeId" integer NOT NULL,
    "FileName" text NOT NULL,
    "FilePath" text NOT NULL,
    "FileSize" bigint NOT NULL,
    "ContentType" text NOT NULL,
    "Description" text,
    "UploadedAt" timestamp with time zone NOT NULL,
    CONSTRAINT "PK_Evidences" PRIMARY KEY ("Id"),
    CONSTRAINT "FK_Evidences_EvidenceTypes_FileTypeId" FOREIGN KEY ("FileTypeId") REFERENCES "EvidenceTypes" ("Id") ON DELETE CASCADE,
    CONSTRAINT "FK_Evidences_test_executions_TestExecutionId" FOREIGN KEY ("TestExecutionId") REFERENCES test_executions (id) ON DELETE CASCADE
);
2026-02-15 15:22:34.298 -04:00 [INF] Executed DbCommand (40ms) [Parameters=[], CommandType='"Text"', CommandTimeout='30']
CREATE TABLE "ExecutionStepResults" (
    "Id" uuid NOT NULL,
    "TestExecutionId" uuid NOT NULL,
    "TestStepId" uuid NOT NULL,
    "StatusId" integer NOT NULL,
    "ActualResult" text,
    "Notes" text,
    "EvaluatedAt" timestamp with time zone NOT NULL,
    CONSTRAINT "PK_ExecutionStepResults" PRIMARY KEY ("Id"),
    CONSTRAINT "FK_ExecutionStepResults_StepResultStatuses_StatusId" FOREIGN KEY ("StatusId") REFERENCES "StepResultStatuses" ("Id") ON DELETE CASCADE,
    CONSTRAINT "FK_ExecutionStepResults_TestSteps_TestStepId" FOREIGN KEY ("TestStepId") REFERENCES "TestSteps" ("Id") ON DELETE CASCADE,
    CONSTRAINT "FK_ExecutionStepResults_test_executions_TestExecutionId" FOREIGN KEY ("TestExecutionId") REFERENCES test_executions (id) ON DELETE CASCADE
);
2026-02-15 15:22:34.319 -04:00 [INF] Executed DbCommand (18ms) [Parameters=[], CommandType='"Text"', CommandTimeout='30']
INSERT INTO "Permissions" ("Id", "Code", "CreatedAt", "Description", "Module")
VALUES ('41544143-4f4c-5347-5f4d-414e41474500', 'CATALOGS_MANAGE', TIMESTAMPTZ '2025-01-01T00:00:00Z', 'Administrar catálogos', 'Catalogs');
INSERT INTO "Permissions" ("Id", "Code", "CreatedAt", "Description", "Module")
VALUES ('41544143-4f4c-5347-5f56-494557000000', 'CATALOGS_VIEW', TIMESTAMPTZ '2025-01-01T00:00:00Z', 'Ver catálogos', 'Catalogs');
INSERT INTO "Permissions" ("Id", "Code", "CreatedAt", "Description", "Module")
VALUES ('424e414b-4e41-435f-5245-415445000000', 'KANBAN_CREATE', TIMESTAMPTZ '2025-01-01T00:00:00Z', 'Crear tableros/tareas', 'Kanban');
INSERT INTO "Permissions" ("Id", "Code", "CreatedAt", "Description", "Module")
VALUES ('424e414b-4e41-445f-454c-455445000000', 'KANBAN_DELETE', TIMESTAMPTZ '2025-01-01T00:00:00Z', 'Eliminar tareas', 'Kanban');
INSERT INTO "Permissions" ("Id", "Code", "CreatedAt", "Description", "Module")
VALUES ('424e414b-4e41-555f-5044-415445000000', 'KANBAN_UPDATE', TIMESTAMPTZ '2025-01-01T00:00:00Z', 'Mover tareas', 'Kanban');
INSERT INTO "Permissions" ("Id", "Code", "CreatedAt", "Description", "Module")
VALUES ('424e414b-4e41-565f-4945-570000000000', 'KANBAN_VIEW', TIMESTAMPTZ '2025-01-01T00:00:00Z', 'Ver tableros Kanban', 'Kanban');
INSERT INTO "Permissions" ("Id", "Code", "CreatedAt", "Description", "Module")
VALUES ('43455845-5455-4f49-4e53-5f4352454154', 'EXECUTIONS_CREATE', TIMESTAMPTZ '2025-01-01T00:00:00Z', 'Crear ejecuciones', 'Executions');
INSERT INTO "Permissions" ("Id", "Code", "CreatedAt", "Description", "Module")
VALUES ('43455845-5455-4f49-4e53-5f5550444154', 'EXECUTIONS_UPDATE', TIMESTAMPTZ '2025-01-01T00:00:00Z', 'Actualizar ejecuciones', 'Executions');
INSERT INTO "Permissions" ("Id", "Code", "CreatedAt", "Description", "Module")
VALUES ('43455845-5455-4f49-4e53-5f55504c4f41', 'EXECUTIONS_UPLOAD_EVIDENCE', TIMESTAMPTZ '2025-01-01T00:00:00Z', 'Subir evidencia', 'Executions');
INSERT INTO "Permissions" ("Id", "Code", "CreatedAt", "Description", "Module")
VALUES ('43455845-5455-4f49-4e53-5f5649455700', 'EXECUTIONS_VIEW', TIMESTAMPTZ '2025-01-01T00:00:00Z', 'Ver ejecuciones', 'Executions');
INSERT INTO "Permissions" ("Id", "Code", "CreatedAt", "Description", "Module")
VALUES ('454c4f52-5f53-4544-4c45-544500000000', 'ROLES_DELETE', TIMESTAMPTZ '2025-01-01T00:00:00Z', 'Eliminar roles', 'Roles');
INSERT INTO "Permissions" ("Id", "Code", "CreatedAt", "Description", "Module")
VALUES ('454c4f52-5f53-4956-4557-000000000000', 'ROLES_VIEW', TIMESTAMPTZ '2025-01-01T00:00:00Z', 'Ver roles', 'Roles');
INSERT INTO "Permissions" ("Id", "Code", "CreatedAt", "Description", "Module")
VALUES ('454c4f52-5f53-5055-4441-544500000000', 'ROLES_UPDATE', TIMESTAMPTZ '2025-01-01T00:00:00Z', 'Actualizar roles', 'Roles');
INSERT INTO "Permissions" ("Id", "Code", "CreatedAt", "Description", "Module")
VALUES ('454c4f52-5f53-5243-4541-544500000000', 'ROLES_CREATE', TIMESTAMPTZ '2025-01-01T00:00:00Z', 'Crear roles', 'Roles');
INSERT INTO "Permissions" ("Id", "Code", "CreatedAt", "Description", "Module")
VALUES ('454c4f52-5f53-5341-5349-474e5f504552', 'ROLES_ASSIGN_PERMISSIONS', TIMESTAMPTZ '2025-01-01T00:00:00Z', 'Asignar permisos a roles', 'Roles');
INSERT INTO "Permissions" ("Id", "Code", "CreatedAt", "Description", "Module")
VALUES ('48534144-4f42-5241-445f-564945570000', 'DASHBOARD_VIEW', TIMESTAMPTZ '2025-01-01T00:00:00Z', 'Ver dashboard', 'Dashboard');
INSERT INTO "Permissions" ("Id", "Code", "CreatedAt", "Description", "Module")
VALUES ('4a4f5250-4345-5354-5f43-524541544500', 'PROJECTS_CREATE', TIMESTAMPTZ '2025-01-01T00:00:00Z', 'Crear proyectos', 'Projects');
INSERT INTO "Permissions" ("Id", "Code", "CreatedAt", "Description", "Module")
VALUES ('4a4f5250-4345-5354-5f44-454c45544500', 'PROJECTS_DELETE', TIMESTAMPTZ '2025-01-01T00:00:00Z', 'Eliminar proyectos', 'Projects');
INSERT INTO "Permissions" ("Id", "Code", "CreatedAt", "Description", "Module")
VALUES ('4a4f5250-4345-5354-5f55-504441544500', 'PROJECTS_UPDATE', TIMESTAMPTZ '2025-01-01T00:00:00Z', 'Actualizar proyectos', 'Projects');
INSERT INTO "Permissions" ("Id", "Code", "CreatedAt", "Description", "Module")
VALUES ('4a4f5250-4345-5354-5f56-494557000000', 'PROJECTS_VIEW', TIMESTAMPTZ '2025-01-01T00:00:00Z', 'Ver proyectos', 'Projects');
INSERT INTO "Permissions" ("Id", "Code", "CreatedAt", "Description", "Module")
VALUES ('52455355-5f53-4544-4c45-544500000000', 'USERS_DELETE', TIMESTAMPTZ '2025-01-01T00:00:00Z', 'Eliminar usuarios', 'Users');
INSERT INTO "Permissions" ("Id", "Code", "CreatedAt", "Description", "Module")
VALUES ('52455355-5f53-4956-4557-000000000000', 'USERS_VIEW', TIMESTAMPTZ '2025-01-01T00:00:00Z', 'Ver usuarios', 'Users');
INSERT INTO "Permissions" ("Id", "Code", "CreatedAt", "Description", "Module")
VALUES ('52455355-5f53-5055-4441-544500000000', 'USERS_UPDATE', TIMESTAMPTZ '2025-01-01T00:00:00Z', 'Actualizar usuarios', 'Users');
INSERT INTO "Permissions" ("Id", "Code", "CreatedAt", "Description", "Module")
VALUES ('52455355-5f53-5243-4541-544500000000', 'USERS_CREATE', TIMESTAMPTZ '2025-01-01T00:00:00Z', 'Crear usuarios', 'Users');
INSERT INTO "Permissions" ("Id", "Code", "CreatedAt", "Description", "Module")
VALUES ('54534554-435f-5341-4553-5f4352454154', 'TEST_CASES_CREATE', TIMESTAMPTZ '2025-01-01T00:00:00Z', 'Crear casos de prueba', 'TestCases');
INSERT INTO "Permissions" ("Id", "Code", "CreatedAt", "Description", "Module")
VALUES ('54534554-435f-5341-4553-5f44454c4554', 'TEST_CASES_DELETE', TIMESTAMPTZ '2025-01-01T00:00:00Z', 'Eliminar casos de prueba', 'TestCases');
INSERT INTO "Permissions" ("Id", "Code", "CreatedAt", "Description", "Module")
VALUES ('54534554-435f-5341-4553-5f5550444154', 'TEST_CASES_UPDATE', TIMESTAMPTZ '2025-01-01T00:00:00Z', 'Actualizar casos de prueba', 'TestCases');
INSERT INTO "Permissions" ("Id", "Code", "CreatedAt", "Description", "Module")
VALUES ('54534554-435f-5341-4553-5f5649455700', 'TEST_CASES_VIEW', TIMESTAMPTZ '2025-01-01T00:00:00Z', 'Ver casos de prueba', 'TestCases');
2026-02-15 15:22:34.338 -04:00 [INF] Executed DbCommand (13ms) [Parameters=[], CommandType='"Text"', CommandTimeout='30']
INSERT INTO execution_statuses (id, code, created_at, description, is_active, name, sort_order)
VALUES (1, 'PENDING', TIMESTAMPTZ '2026-02-14T04:12:37.143236Z', 'Ejecución creada pero no iniciada.', TRUE, 'Pendiente', 1);
INSERT INTO execution_statuses (id, code, created_at, description, is_active, name, sort_order)
VALUES (2, 'IN_PROGRESS', TIMESTAMPTZ '2026-02-14T04:12:37.143238Z', 'Ejecución en curso.', TRUE, 'En Progreso', 2);
INSERT INTO execution_statuses (id, code, created_at, description, is_active, name, sort_order)
VALUES (3, 'PASSED', TIMESTAMPTZ '2026-02-14T04:12:37.143238Z', 'Todos los pasos exitosos.', TRUE, 'Aprobado', 3);
INSERT INTO execution_statuses (id, code, created_at, description, is_active, name, sort_order)
VALUES (4, 'FAILED', TIMESTAMPTZ '2026-02-14T04:12:37.143238Z', 'Al menos un paso falló.', TRUE, 'Fallido', 4);
INSERT INTO execution_statuses (id, code, created_at, description, is_active, name, sort_order)
VALUES (5, 'BLOCKED', TIMESTAMPTZ '2026-02-14T04:12:37.143239Z', 'Impedimento externo.', TRUE, 'Bloqueado', 5);
INSERT INTO execution_statuses (id, code, created_at, description, is_active, name, sort_order)
VALUES (6, 'SKIPPED', TIMESTAMPTZ '2026-02-14T04:12:37.143239Z', 'Omitido intencionalmente.', TRUE, 'Omitido', 6);
2026-02-15 15:22:34.361 -04:00 [INF] Executed DbCommand (20ms) [Parameters=[], CommandType='"Text"', CommandTimeout='30']
CREATE INDEX "IX_Evidences_FileTypeId" ON "Evidences" ("FileTypeId");
2026-02-15 15:22:34.387 -04:00 [INF] Executed DbCommand (23ms) [Parameters=[], CommandType='"Text"', CommandTimeout='30']
CREATE INDEX "IX_Evidences_TestExecutionId" ON "Evidences" ("TestExecutionId");
2026-02-15 15:22:34.428 -04:00 [INF] Executed DbCommand (25ms) [Parameters=[], CommandType='"Text"', CommandTimeout='30']
CREATE UNIQUE INDEX "IX_execution_statuses_code" ON execution_statuses (code);
2026-02-15 15:22:34.452 -04:00 [INF] Executed DbCommand (21ms) [Parameters=[], CommandType='"Text"', CommandTimeout='30']
CREATE INDEX "IX_ExecutionStepResults_StatusId" ON "ExecutionStepResults" ("StatusId");
2026-02-15 15:22:34.476 -04:00 [INF] Executed DbCommand (20ms) [Parameters=[], CommandType='"Text"', CommandTimeout='30']
CREATE INDEX "IX_ExecutionStepResults_TestExecutionId" ON "ExecutionStepResults" ("TestExecutionId");
2026-02-15 15:22:34.496 -04:00 [INF] Executed DbCommand (17ms) [Parameters=[], CommandType='"Text"', CommandTimeout='30']
CREATE INDEX "IX_ExecutionStepResults_TestStepId" ON "ExecutionStepResults" ("TestStepId");
2026-02-15 15:22:34.520 -04:00 [INF] Executed DbCommand (20ms) [Parameters=[], CommandType='"Text"', CommandTimeout='30']
CREATE INDEX "IX_KanbanBoards_ProjectId" ON "KanbanBoards" ("ProjectId");
2026-02-15 15:22:34.542 -04:00 [INF] Executed DbCommand (19ms) [Parameters=[], CommandType='"Text"', CommandTimeout='30']
CREATE INDEX "IX_KanbanColumns_KanbanBoardId" ON "KanbanColumns" ("KanbanBoardId");
2026-02-15 15:22:34.570 -04:00 [INF] Executed DbCommand (22ms) [Parameters=[], CommandType='"Text"', CommandTimeout='30']
CREATE INDEX "IX_KanbanTasks_AssigneeId" ON "KanbanTasks" ("AssigneeId");
2026-02-15 15:22:34.595 -04:00 [INF] Executed DbCommand (21ms) [Parameters=[], CommandType='"Text"', CommandTimeout='30']
CREATE INDEX "IX_KanbanTasks_KanbanColumnId" ON "KanbanTasks" ("KanbanColumnId");
2026-02-15 15:22:34.615 -04:00 [INF] Executed DbCommand (17ms) [Parameters=[], CommandType='"Text"', CommandTimeout='30']
CREATE INDEX "IX_KanbanTasks_PriorityId" ON "KanbanTasks" ("PriorityId");
2026-02-15 15:22:34.641 -04:00 [INF] Executed DbCommand (23ms) [Parameters=[], CommandType='"Text"', CommandTimeout='30']
CREATE INDEX "IX_KanbanTasks_TestCaseId" ON "KanbanTasks" ("TestCaseId");
2026-02-15 15:22:34.661 -04:00 [INF] Executed DbCommand (16ms) [Parameters=[], CommandType='"Text"', CommandTimeout='30']
CREATE INDEX "IX_role_permissions_PermissionId" ON role_permissions ("PermissionId");
2026-02-15 15:22:34.681 -04:00 [INF] Executed DbCommand (17ms) [Parameters=[], CommandType='"Text"', CommandTimeout='30']
CREATE INDEX "IX_test_executions_status_id" ON test_executions (status_id);
2026-02-15 15:22:34.703 -04:00 [INF] Executed DbCommand (19ms) [Parameters=[], CommandType='"Text"', CommandTimeout='30']
CREATE INDEX "IX_test_executions_test_case_id" ON test_executions (test_case_id);
2026-02-15 15:22:34.725 -04:00 [INF] Executed DbCommand (18ms) [Parameters=[], CommandType='"Text"', CommandTimeout='30']
CREATE INDEX "IX_test_executions_tester_id" ON test_executions (tester_id);
2026-02-15 15:22:34.743 -04:00 [INF] Executed DbCommand (14ms) [Parameters=[], CommandType='"Text"', CommandTimeout='30']
CREATE INDEX "IX_TestCases_PriorityId" ON "TestCases" ("PriorityId");
2026-02-15 15:22:34.760 -04:00 [INF] Executed DbCommand (13ms) [Parameters=[], CommandType='"Text"', CommandTimeout='30']
CREATE INDEX "IX_TestCases_TestSuiteId" ON "TestCases" ("TestSuiteId");
2026-02-15 15:22:34.778 -04:00 [INF] Executed DbCommand (14ms) [Parameters=[], CommandType='"Text"', CommandTimeout='30']
CREATE INDEX "IX_TestSteps_TestCaseId" ON "TestSteps" ("TestCaseId");
2026-02-15 15:22:34.806 -04:00 [INF] Executed DbCommand (21ms) [Parameters=[], CommandType='"Text"', CommandTimeout='30']
CREATE INDEX "IX_TestSuites_ProjectId" ON "TestSuites" ("ProjectId");
2026-02-15 15:22:34.828 -04:00 [INF] Executed DbCommand (16ms) [Parameters=[], CommandType='"Text"', CommandTimeout='30']
CREATE INDEX "IX_user_roles_RoleId" ON user_roles ("RoleId");
2026-02-15 15:22:34.844 -04:00 [INF] Executed DbCommand (11ms) [Parameters=[], CommandType='"Text"', CommandTimeout='30']
SELECT setval(
    pg_get_serial_sequence('execution_statuses', 'id'),
    GREATEST(
        (SELECT MAX(id) FROM execution_statuses) + 1,
        nextval(pg_get_serial_sequence('execution_statuses', 'id'))),
    false);
2026-02-15 15:22:34.856 -04:00 [INF] Executed DbCommand (9ms) [Parameters=[], CommandType='"Text"', CommandTimeout='30']
INSERT INTO "__EFMigrationsHistory" ("MigrationId", "ProductVersion")
VALUES ('20260214041238_InitialCreate', '8.0.11');
2026-02-15 15:22:34.880 -04:00 [INF] Applying migration '20260215192006_AddSystemSeeding'.
2026-02-15 15:22:35.008 -04:00 [INF] Executed DbCommand (5ms) [Parameters=[], CommandType='"Text"', CommandTimeout='30']
ALTER TABLE "Evidences" DROP CONSTRAINT "FK_Evidences_EvidenceTypes_FileTypeId";
2026-02-15 15:22:35.020 -04:00 [INF] Executed DbCommand (7ms) [Parameters=[], CommandType='"Text"', CommandTimeout='30']
ALTER TABLE "ExecutionStepResults" DROP CONSTRAINT "FK_ExecutionStepResults_StepResultStatuses_StatusId";
2026-02-15 15:22:35.033 -04:00 [INF] Executed DbCommand (5ms) [Parameters=[], CommandType='"Text"', CommandTimeout='30']
ALTER TABLE "KanbanTasks" DROP CONSTRAINT "FK_KanbanTasks_TaskPriorities_PriorityId";
2026-02-15 15:22:35.045 -04:00 [INF] Executed DbCommand (5ms) [Parameters=[], CommandType='"Text"', CommandTimeout='30']
ALTER TABLE "KanbanTasks" DROP CONSTRAINT "FK_KanbanTasks_Users_AssigneeId";
2026-02-15 15:22:35.058 -04:00 [INF] Executed DbCommand (7ms) [Parameters=[], CommandType='"Text"', CommandTimeout='30']
ALTER TABLE role_permissions DROP CONSTRAINT "FK_role_permissions_Roles_RoleId";
2026-02-15 15:22:35.072 -04:00 [INF] Executed DbCommand (6ms) [Parameters=[], CommandType='"Text"', CommandTimeout='30']
ALTER TABLE test_executions DROP CONSTRAINT "FK_test_executions_Users_tester_id";
2026-02-15 15:22:35.087 -04:00 [INF] Executed DbCommand (7ms) [Parameters=[], CommandType='"Text"', CommandTimeout='30']
ALTER TABLE "TestCases" DROP CONSTRAINT "FK_TestCases_TestCasePriorities_PriorityId";
2026-02-15 15:22:35.102 -04:00 [INF] Executed DbCommand (7ms) [Parameters=[], CommandType='"Text"', CommandTimeout='30']
ALTER TABLE user_roles DROP CONSTRAINT "FK_user_roles_Roles_RoleId";
2026-02-15 15:22:35.116 -04:00 [INF] Executed DbCommand (6ms) [Parameters=[], CommandType='"Text"', CommandTimeout='30']
ALTER TABLE user_roles DROP CONSTRAINT "FK_user_roles_Users_UserId";
2026-02-15 15:22:35.132 -04:00 [INF] Executed DbCommand (7ms) [Parameters=[], CommandType='"Text"', CommandTimeout='30']
ALTER TABLE "Users" DROP CONSTRAINT "PK_Users";
2026-02-15 15:22:35.147 -04:00 [INF] Executed DbCommand (8ms) [Parameters=[], CommandType='"Text"', CommandTimeout='30']
ALTER TABLE "Roles" DROP CONSTRAINT "PK_Roles";
2026-02-15 15:22:35.163 -04:00 [INF] Executed DbCommand (7ms) [Parameters=[], CommandType='"Text"', CommandTimeout='30']
ALTER TABLE "TestCasePriorities" DROP CONSTRAINT "PK_TestCasePriorities";
2026-02-15 15:22:35.208 -04:00 [INF] Executed DbCommand (34ms) [Parameters=[], CommandType='"Text"', CommandTimeout='30']
ALTER TABLE "TaskPriorities" DROP CONSTRAINT "PK_TaskPriorities";
2026-02-15 15:22:35.222 -04:00 [INF] Executed DbCommand (7ms) [Parameters=[], CommandType='"Text"', CommandTimeout='30']
ALTER TABLE "StepResultStatuses" DROP CONSTRAINT "PK_StepResultStatuses";
2026-02-15 15:22:35.236 -04:00 [INF] Executed DbCommand (8ms) [Parameters=[], CommandType='"Text"', CommandTimeout='30']
ALTER TABLE "EvidenceTypes" DROP CONSTRAINT "PK_EvidenceTypes";
2026-02-15 15:22:35.252 -04:00 [INF] Executed DbCommand (10ms) [Parameters=[], CommandType='"Text"', CommandTimeout='30']
ALTER TABLE "Users" RENAME TO users;
2026-02-15 15:22:35.263 -04:00 [INF] Executed DbCommand (7ms) [Parameters=[], CommandType='"Text"', CommandTimeout='30']
ALTER TABLE "Roles" RENAME TO roles;
2026-02-15 15:22:35.270 -04:00 [INF] Executed DbCommand (4ms) [Parameters=[], CommandType='"Text"', CommandTimeout='30']
ALTER TABLE "TestCasePriorities" RENAME TO test_case_priorities;
2026-02-15 15:22:35.277 -04:00 [INF] Executed DbCommand (4ms) [Parameters=[], CommandType='"Text"', CommandTimeout='30']
ALTER TABLE "TaskPriorities" RENAME TO task_priorities;
2026-02-15 15:22:35.284 -04:00 [INF] Executed DbCommand (4ms) [Parameters=[], CommandType='"Text"', CommandTimeout='30']
ALTER TABLE "StepResultStatuses" RENAME TO step_result_statuses;
2026-02-15 15:22:35.294 -04:00 [INF] Executed DbCommand (6ms) [Parameters=[], CommandType='"Text"', CommandTimeout='30']
ALTER TABLE "EvidenceTypes" RENAME TO evidence_types;
2026-02-15 15:22:35.300 -04:00 [INF] Executed DbCommand (3ms) [Parameters=[], CommandType='"Text"', CommandTimeout='30']
ALTER TABLE users RENAME COLUMN "Username" TO username;
2026-02-15 15:22:35.307 -04:00 [INF] Executed DbCommand (3ms) [Parameters=[], CommandType='"Text"', CommandTimeout='30']
ALTER TABLE users RENAME COLUMN "Email" TO email;
2026-02-15 15:22:35.314 -04:00 [INF] Executed DbCommand (3ms) [Parameters=[], CommandType='"Text"', CommandTimeout='30']
ALTER TABLE users RENAME COLUMN "Id" TO id;
2026-02-15 15:22:35.320 -04:00 [INF] Executed DbCommand (4ms) [Parameters=[], CommandType='"Text"', CommandTimeout='30']
ALTER TABLE users RENAME COLUMN "UpdatedAt" TO updated_at;
2026-02-15 15:22:35.327 -04:00 [INF] Executed DbCommand (3ms) [Parameters=[], CommandType='"Text"', CommandTimeout='30']
ALTER TABLE users RENAME COLUMN "RefreshTokenExpiryTime" TO refresh_token_expiry_time;
2026-02-15 15:22:35.333 -04:00 [INF] Executed DbCommand (3ms) [Parameters=[], CommandType='"Text"', CommandTimeout='30']
ALTER TABLE users RENAME COLUMN "RefreshToken" TO refresh_token;
2026-02-15 15:22:35.340 -04:00 [INF] Executed DbCommand (3ms) [Parameters=[], CommandType='"Text"', CommandTimeout='30']
ALTER TABLE users RENAME COLUMN "PasswordHash" TO password_hash;
2026-02-15 15:22:35.348 -04:00 [INF] Executed DbCommand (3ms) [Parameters=[], CommandType='"Text"', CommandTimeout='30']
ALTER TABLE users RENAME COLUMN "IsActive" TO is_active;
2026-02-15 15:22:35.355 -04:00 [INF] Executed DbCommand (3ms) [Parameters=[], CommandType='"Text"', CommandTimeout='30']
ALTER TABLE users RENAME COLUMN "FullName" TO full_name;
2026-02-15 15:22:35.364 -04:00 [INF] Executed DbCommand (2ms) [Parameters=[], CommandType='"Text"', CommandTimeout='30']
ALTER TABLE users RENAME COLUMN "CreatedAt" TO created_at;
2026-02-15 15:22:35.375 -04:00 [INF] Executed DbCommand (5ms) [Parameters=[], CommandType='"Text"', CommandTimeout='30']
ALTER TABLE roles RENAME COLUMN "Name" TO name;
2026-02-15 15:22:35.389 -04:00 [INF] Executed DbCommand (6ms) [Parameters=[], CommandType='"Text"', CommandTimeout='30']
ALTER TABLE roles RENAME COLUMN "Description" TO description;
2026-02-15 15:22:35.400 -04:00 [INF] Executed DbCommand (6ms) [Parameters=[], CommandType='"Text"', CommandTimeout='30']
ALTER TABLE roles RENAME COLUMN "Id" TO id;
2026-02-15 15:22:35.413 -04:00 [INF] Executed DbCommand (4ms) [Parameters=[], CommandType='"Text"', CommandTimeout='30']
ALTER TABLE roles RENAME COLUMN "IsActive" TO is_active;
2026-02-15 15:22:35.424 -04:00 [INF] Executed DbCommand (5ms) [Parameters=[], CommandType='"Text"', CommandTimeout='30']
ALTER TABLE roles RENAME COLUMN "CreatedAt" TO created_at;
2026-02-15 15:22:35.435 -04:00 [INF] Executed DbCommand (6ms) [Parameters=[], CommandType='"Text"', CommandTimeout='30']
ALTER TABLE test_case_priorities RENAME COLUMN "Name" TO name;
2026-02-15 15:22:35.447 -04:00 [INF] Executed DbCommand (4ms) [Parameters=[], CommandType='"Text"', CommandTimeout='30']
ALTER TABLE test_case_priorities RENAME COLUMN "Description" TO description;
2026-02-15 15:22:35.454 -04:00 [INF] Executed DbCommand (3ms) [Parameters=[], CommandType='"Text"', CommandTimeout='30']
ALTER TABLE test_case_priorities RENAME COLUMN "Code" TO code;
2026-02-15 15:22:35.460 -04:00 [INF] Executed DbCommand (2ms) [Parameters=[], CommandType='"Text"', CommandTimeout='30']
ALTER TABLE test_case_priorities RENAME COLUMN "Id" TO id;
2026-02-15 15:22:35.467 -04:00 [INF] Executed DbCommand (4ms) [Parameters=[], CommandType='"Text"', CommandTimeout='30']
ALTER TABLE test_case_priorities RENAME COLUMN "SortOrder" TO sort_order;
2026-02-15 15:22:35.474 -04:00 [INF] Executed DbCommand (3ms) [Parameters=[], CommandType='"Text"', CommandTimeout='30']
ALTER TABLE test_case_priorities RENAME COLUMN "IsActive" TO is_active;
2026-02-15 15:22:35.480 -04:00 [INF] Executed DbCommand (3ms) [Parameters=[], CommandType='"Text"', CommandTimeout='30']
ALTER TABLE test_case_priorities RENAME COLUMN "CreatedAt" TO created_at;
2026-02-15 15:22:35.488 -04:00 [INF] Executed DbCommand (4ms) [Parameters=[], CommandType='"Text"', CommandTimeout='30']
ALTER TABLE task_priorities RENAME COLUMN "Name" TO name;
2026-02-15 15:22:35.495 -04:00 [INF] Executed DbCommand (3ms) [Parameters=[], CommandType='"Text"', CommandTimeout='30']
ALTER TABLE task_priorities RENAME COLUMN "Description" TO description;
2026-02-15 15:22:35.501 -04:00 [INF] Executed DbCommand (2ms) [Parameters=[], CommandType='"Text"', CommandTimeout='30']
ALTER TABLE task_priorities RENAME COLUMN "Code" TO code;
2026-02-15 15:22:35.508 -04:00 [INF] Executed DbCommand (4ms) [Parameters=[], CommandType='"Text"', CommandTimeout='30']
ALTER TABLE task_priorities RENAME COLUMN "Id" TO id;
2026-02-15 15:22:35.515 -04:00 [INF] Executed DbCommand (2ms) [Parameters=[], CommandType='"Text"', CommandTimeout='30']
ALTER TABLE task_priorities RENAME COLUMN "SortOrder" TO sort_order;
2026-02-15 15:22:35.525 -04:00 [INF] Executed DbCommand (7ms) [Parameters=[], CommandType='"Text"', CommandTimeout='30']
ALTER TABLE task_priorities RENAME COLUMN "IsActive" TO is_active;
2026-02-15 15:22:35.536 -04:00 [INF] Executed DbCommand (8ms) [Parameters=[], CommandType='"Text"', CommandTimeout='30']
ALTER TABLE task_priorities RENAME COLUMN "CreatedAt" TO created_at;
2026-02-15 15:22:35.545 -04:00 [INF] Executed DbCommand (5ms) [Parameters=[], CommandType='"Text"', CommandTimeout='30']
ALTER TABLE step_result_statuses RENAME COLUMN "Name" TO name;
2026-02-15 15:22:35.554 -04:00 [INF] Executed DbCommand (6ms) [Parameters=[], CommandType='"Text"', CommandTimeout='30']
ALTER TABLE step_result_statuses RENAME COLUMN "Description" TO description;
2026-02-15 15:22:35.567 -04:00 [INF] Executed DbCommand (9ms) [Parameters=[], CommandType='"Text"', CommandTimeout='30']
ALTER TABLE step_result_statuses RENAME COLUMN "Code" TO code;
2026-02-15 15:22:35.578 -04:00 [INF] Executed DbCommand (7ms) [Parameters=[], CommandType='"Text"', CommandTimeout='30']
ALTER TABLE step_result_statuses RENAME COLUMN "Id" TO id;
2026-02-15 15:22:35.599 -04:00 [INF] Executed DbCommand (18ms) [Parameters=[], CommandType='"Text"', CommandTimeout='30']
ALTER TABLE step_result_statuses RENAME COLUMN "SortOrder" TO sort_order;
2026-02-15 15:22:35.618 -04:00 [INF] Executed DbCommand (14ms) [Parameters=[], CommandType='"Text"', CommandTimeout='30']
ALTER TABLE step_result_statuses RENAME COLUMN "IsActive" TO is_active;
2026-02-15 15:22:35.637 -04:00 [INF] Executed DbCommand (15ms) [Parameters=[], CommandType='"Text"', CommandTimeout='30']
ALTER TABLE step_result_statuses RENAME COLUMN "CreatedAt" TO created_at;
2026-02-15 15:22:35.648 -04:00 [INF] Executed DbCommand (8ms) [Parameters=[], CommandType='"Text"', CommandTimeout='30']
ALTER TABLE evidence_types RENAME COLUMN "Name" TO name;
2026-02-15 15:22:35.655 -04:00 [INF] Executed DbCommand (4ms) [Parameters=[], CommandType='"Text"', CommandTimeout='30']
ALTER TABLE evidence_types RENAME COLUMN "Description" TO description;
2026-02-15 15:22:35.667 -04:00 [INF] Executed DbCommand (8ms) [Parameters=[], CommandType='"Text"', CommandTimeout='30']
ALTER TABLE evidence_types RENAME COLUMN "Code" TO code;
2026-02-15 15:22:35.676 -04:00 [INF] Executed DbCommand (5ms) [Parameters=[], CommandType='"Text"', CommandTimeout='30']
ALTER TABLE evidence_types RENAME COLUMN "Id" TO id;
2026-02-15 15:22:35.687 -04:00 [INF] Executed DbCommand (6ms) [Parameters=[], CommandType='"Text"', CommandTimeout='30']
ALTER TABLE evidence_types RENAME COLUMN "SortOrder" TO sort_order;
2026-02-15 15:22:35.696 -04:00 [INF] Executed DbCommand (7ms) [Parameters=[], CommandType='"Text"', CommandTimeout='30']
ALTER TABLE evidence_types RENAME COLUMN "IsActive" TO is_active;
2026-02-15 15:22:35.710 -04:00 [INF] Executed DbCommand (10ms) [Parameters=[], CommandType='"Text"', CommandTimeout='30']
ALTER TABLE evidence_types RENAME COLUMN "CreatedAt" TO created_at;
2026-02-15 15:22:35.746 -04:00 [INF] Executed DbCommand (32ms) [Parameters=[], CommandType='"Text"', CommandTimeout='30']
ALTER TABLE users ALTER COLUMN username TYPE character varying(100);
2026-02-15 15:22:35.770 -04:00 [INF] Executed DbCommand (20ms) [Parameters=[], CommandType='"Text"', CommandTimeout='30']
ALTER TABLE users ALTER COLUMN email TYPE character varying(150);
2026-02-15 15:22:35.778 -04:00 [INF] Executed DbCommand (6ms) [Parameters=[], CommandType='"Text"', CommandTimeout='30']
ALTER TABLE users ALTER COLUMN is_active SET DEFAULT TRUE;
2026-02-15 15:22:35.830 -04:00 [INF] Executed DbCommand (48ms) [Parameters=[], CommandType='"Text"', CommandTimeout='30']
ALTER TABLE users ALTER COLUMN full_name TYPE character varying(200);
2026-02-15 15:22:35.848 -04:00 [INF] Executed DbCommand (13ms) [Parameters=[], CommandType='"Text"', CommandTimeout='30']
ALTER TABLE users ALTER COLUMN created_at SET DEFAULT (NOW());
2026-02-15 15:22:35.906 -04:00 [INF] Executed DbCommand (54ms) [Parameters=[], CommandType='"Text"', CommandTimeout='30']
ALTER TABLE roles ALTER COLUMN name TYPE character varying(100);
2026-02-15 15:22:35.956 -04:00 [INF] Executed DbCommand (41ms) [Parameters=[], CommandType='"Text"', CommandTimeout='30']
ALTER TABLE roles ALTER COLUMN description TYPE character varying(500);
2026-02-15 15:22:35.964 -04:00 [INF] Executed DbCommand (4ms) [Parameters=[], CommandType='"Text"', CommandTimeout='30']
ALTER TABLE roles ALTER COLUMN is_active SET DEFAULT TRUE;
2026-02-15 15:22:35.974 -04:00 [INF] Executed DbCommand (7ms) [Parameters=[], CommandType='"Text"', CommandTimeout='30']
ALTER TABLE roles ALTER COLUMN created_at SET DEFAULT (NOW());
2026-02-15 15:22:36.004 -04:00 [INF] Executed DbCommand (27ms) [Parameters=[], CommandType='"Text"', CommandTimeout='30']
ALTER TABLE test_case_priorities ALTER COLUMN name TYPE character varying(100);
2026-02-15 15:22:36.035 -04:00 [INF] Executed DbCommand (28ms) [Parameters=[], CommandType='"Text"', CommandTimeout='30']
ALTER TABLE test_case_priorities ALTER COLUMN description TYPE character varying(500);
2026-02-15 15:22:36.065 -04:00 [INF] Executed DbCommand (26ms) [Parameters=[], CommandType='"Text"', CommandTimeout='30']
ALTER TABLE test_case_priorities ALTER COLUMN code TYPE character varying(50);
2026-02-15 15:22:36.076 -04:00 [INF] Executed DbCommand (8ms) [Parameters=[], CommandType='"Text"', CommandTimeout='30']
ALTER TABLE test_case_priorities ALTER COLUMN sort_order SET DEFAULT 0;
2026-02-15 15:22:36.083 -04:00 [INF] Executed DbCommand (5ms) [Parameters=[], CommandType='"Text"', CommandTimeout='30']
ALTER TABLE test_case_priorities ALTER COLUMN is_active SET DEFAULT TRUE;
2026-02-15 15:22:36.097 -04:00 [INF] Executed DbCommand (11ms) [Parameters=[], CommandType='"Text"', CommandTimeout='30']
ALTER TABLE test_case_priorities ALTER COLUMN created_at SET DEFAULT (NOW());
2026-02-15 15:22:36.126 -04:00 [INF] Executed DbCommand (26ms) [Parameters=[], CommandType='"Text"', CommandTimeout='30']
ALTER TABLE task_priorities ALTER COLUMN name TYPE character varying(100);
2026-02-15 15:22:36.156 -04:00 [INF] Executed DbCommand (26ms) [Parameters=[], CommandType='"Text"', CommandTimeout='30']
ALTER TABLE task_priorities ALTER COLUMN description TYPE character varying(500);
2026-02-15 15:22:36.181 -04:00 [INF] Executed DbCommand (22ms) [Parameters=[], CommandType='"Text"', CommandTimeout='30']
ALTER TABLE task_priorities ALTER COLUMN code TYPE character varying(50);
2026-02-15 15:22:36.189 -04:00 [INF] Executed DbCommand (5ms) [Parameters=[], CommandType='"Text"', CommandTimeout='30']
ALTER TABLE task_priorities ALTER COLUMN sort_order SET DEFAULT 0;
2026-02-15 15:22:36.196 -04:00 [INF] Executed DbCommand (3ms) [Parameters=[], CommandType='"Text"', CommandTimeout='30']
ALTER TABLE task_priorities ALTER COLUMN is_active SET DEFAULT TRUE;
2026-02-15 15:22:36.208 -04:00 [INF] Executed DbCommand (9ms) [Parameters=[], CommandType='"Text"', CommandTimeout='30']
ALTER TABLE task_priorities ALTER COLUMN created_at SET DEFAULT (NOW());
2026-02-15 15:22:36.236 -04:00 [INF] Executed DbCommand (25ms) [Parameters=[], CommandType='"Text"', CommandTimeout='30']
ALTER TABLE step_result_statuses ALTER COLUMN name TYPE character varying(100);
2026-02-15 15:22:36.262 -04:00 [INF] Executed DbCommand (23ms) [Parameters=[], CommandType='"Text"', CommandTimeout='30']
ALTER TABLE step_result_statuses ALTER COLUMN description TYPE character varying(500);
2026-02-15 15:22:36.287 -04:00 [INF] Executed DbCommand (21ms) [Parameters=[], CommandType='"Text"', CommandTimeout='30']
ALTER TABLE step_result_statuses ALTER COLUMN code TYPE character varying(50);
2026-02-15 15:22:36.294 -04:00 [INF] Executed DbCommand (3ms) [Parameters=[], CommandType='"Text"', CommandTimeout='30']
ALTER TABLE step_result_statuses ALTER COLUMN sort_order SET DEFAULT 0;
2026-02-15 15:22:36.305 -04:00 [INF] Executed DbCommand (7ms) [Parameters=[], CommandType='"Text"', CommandTimeout='30']
ALTER TABLE step_result_statuses ALTER COLUMN is_active SET DEFAULT TRUE;
2026-02-15 15:22:36.313 -04:00 [INF] Executed DbCommand (4ms) [Parameters=[], CommandType='"Text"', CommandTimeout='30']
ALTER TABLE step_result_statuses ALTER COLUMN created_at SET DEFAULT (NOW());
2026-02-15 15:22:36.339 -04:00 [INF] Executed DbCommand (22ms) [Parameters=[], CommandType='"Text"', CommandTimeout='30']
ALTER TABLE evidence_types ALTER COLUMN name TYPE character varying(100);
2026-02-15 15:22:36.367 -04:00 [INF] Executed DbCommand (22ms) [Parameters=[], CommandType='"Text"', CommandTimeout='30']
ALTER TABLE evidence_types ALTER COLUMN description TYPE character varying(500);
2026-02-15 15:22:36.403 -04:00 [INF] Executed DbCommand (29ms) [Parameters=[], CommandType='"Text"', CommandTimeout='30']
ALTER TABLE evidence_types ALTER COLUMN code TYPE character varying(50);
2026-02-15 15:22:36.417 -04:00 [INF] Executed DbCommand (5ms) [Parameters=[], CommandType='"Text"', CommandTimeout='30']
ALTER TABLE evidence_types ALTER COLUMN sort_order SET DEFAULT 0;
2026-02-15 15:22:36.432 -04:00 [INF] Executed DbCommand (6ms) [Parameters=[], CommandType='"Text"', CommandTimeout='30']
ALTER TABLE evidence_types ALTER COLUMN is_active SET DEFAULT TRUE;
2026-02-15 15:22:36.443 -04:00 [INF] Executed DbCommand (7ms) [Parameters=[], CommandType='"Text"', CommandTimeout='30']
ALTER TABLE evidence_types ALTER COLUMN created_at SET DEFAULT (NOW());
2026-02-15 15:22:36.464 -04:00 [INF] Executed DbCommand (17ms) [Parameters=[], CommandType='"Text"', CommandTimeout='30']
ALTER TABLE users ADD CONSTRAINT "PK_users" PRIMARY KEY (id);
2026-02-15 15:22:36.492 -04:00 [INF] Executed DbCommand (24ms) [Parameters=[], CommandType='"Text"', CommandTimeout='30']
ALTER TABLE roles ADD CONSTRAINT "PK_roles" PRIMARY KEY (id);
2026-02-15 15:22:36.520 -04:00 [INF] Executed DbCommand (20ms) [Parameters=[], CommandType='"Text"', CommandTimeout='30']
ALTER TABLE test_case_priorities ADD CONSTRAINT "PK_test_case_priorities" PRIMARY KEY (id);
2026-02-15 15:22:36.551 -04:00 [INF] Executed DbCommand (22ms) [Parameters=[], CommandType='"Text"', CommandTimeout='30']
ALTER TABLE task_priorities ADD CONSTRAINT "PK_task_priorities" PRIMARY KEY (id);
2026-02-15 15:22:36.579 -04:00 [INF] Executed DbCommand (19ms) [Parameters=[], CommandType='"Text"', CommandTimeout='30']
ALTER TABLE step_result_statuses ADD CONSTRAINT "PK_step_result_statuses" PRIMARY KEY (id);
2026-02-15 15:22:36.613 -04:00 [INF] Executed DbCommand (26ms) [Parameters=[], CommandType='"Text"', CommandTimeout='30']
ALTER TABLE evidence_types ADD CONSTRAINT "PK_evidence_types" PRIMARY KEY (id);
2026-02-15 15:22:36.633 -04:00 [INF] Executed DbCommand (7ms) [Parameters=[], CommandType='"Text"', CommandTimeout='30']
INSERT INTO evidence_types (id, code, created_at, description, is_active, name, sort_order)
VALUES (1, 'IMAGE', TIMESTAMPTZ '2026-02-15T19:20:05.647548Z', NULL, TRUE, 'Imagen', 1);
INSERT INTO evidence_types (id, code, created_at, description, is_active, name, sort_order)
VALUES (2, 'VIDEO', TIMESTAMPTZ '2026-02-15T19:20:05.647548Z', NULL, TRUE, 'Video', 2);
INSERT INTO evidence_types (id, code, created_at, description, is_active, name, sort_order)
VALUES (3, 'DOCUMENT', TIMESTAMPTZ '2026-02-15T19:20:05.647549Z', NULL, TRUE, 'Documento', 3);
INSERT INTO evidence_types (id, code, created_at, description, is_active, name, sort_order)
VALUES (4, 'LOG_FILE', TIMESTAMPTZ '2026-02-15T19:20:05.647549Z', NULL, TRUE, 'Archivo de Log', 4);
2026-02-15 15:22:36.668 -04:00 [INF] Executed DbCommand (21ms) [Parameters=[], CommandType='"Text"', CommandTimeout='30']
UPDATE execution_statuses SET created_at = TIMESTAMPTZ '2026-02-15T19:20:05.648029Z'
WHERE id = 1;
2026-02-15 15:22:36.673 -04:00 [INF] Executed DbCommand (3ms) [Parameters=[], CommandType='"Text"', CommandTimeout='30']
UPDATE execution_statuses SET created_at = TIMESTAMPTZ '2026-02-15T19:20:05.648029Z'
WHERE id = 2;
2026-02-15 15:22:36.680 -04:00 [INF] Executed DbCommand (3ms) [Parameters=[], CommandType='"Text"', CommandTimeout='30']
UPDATE execution_statuses SET created_at = TIMESTAMPTZ '2026-02-15T19:20:05.648029Z'
WHERE id = 3;
2026-02-15 15:22:36.687 -04:00 [INF] Executed DbCommand (4ms) [Parameters=[], CommandType='"Text"', CommandTimeout='30']
UPDATE execution_statuses SET created_at = TIMESTAMPTZ '2026-02-15T19:20:05.648029Z'
WHERE id = 4;
2026-02-15 15:22:36.700 -04:00 [INF] Executed DbCommand (8ms) [Parameters=[], CommandType='"Text"', CommandTimeout='30']
UPDATE execution_statuses SET created_at = TIMESTAMPTZ '2026-02-15T19:20:05.64803Z'
WHERE id = 5;
2026-02-15 15:22:36.708 -04:00 [INF] Executed DbCommand (3ms) [Parameters=[], CommandType='"Text"', CommandTimeout='30']
UPDATE execution_statuses SET created_at = TIMESTAMPTZ '2026-02-15T19:20:05.64803Z'
WHERE id = 6;
2026-02-15 15:22:36.719 -04:00 [INF] Executed DbCommand (6ms) [Parameters=[], CommandType='"Text"', CommandTimeout='30']
INSERT INTO roles (id, created_at, description, is_active, name)
VALUES ('11111111-1111-1111-1111-111111111111', TIMESTAMPTZ '2025-01-01T00:00:00Z', 'Acceso total al sistema', TRUE, 'Administrator');
INSERT INTO roles (id, created_at, description, is_active, name)
VALUES ('22222222-2222-2222-2222-222222222222', TIMESTAMPTZ '2025-01-01T00:00:00Z', 'Ejecución y gestión de pruebas', TRUE, 'Tester');
2026-02-15 15:22:36.729 -04:00 [INF] Executed DbCommand (7ms) [Parameters=[], CommandType='"Text"', CommandTimeout='30']
INSERT INTO step_result_statuses (id, code, created_at, description, is_active, name, sort_order)
VALUES (1, 'NOT_EXECUTED', TIMESTAMPTZ '2026-02-15T19:20:05.649817Z', NULL, TRUE, 'No Ejecutado', 1);
INSERT INTO step_result_statuses (id, code, created_at, description, is_active, name, sort_order)
VALUES (2, 'PASSED', TIMESTAMPTZ '2026-02-15T19:20:05.649817Z', NULL, TRUE, 'Aprobado', 2);
INSERT INTO step_result_statuses (id, code, created_at, description, is_active, name, sort_order)
VALUES (3, 'FAILED', TIMESTAMPTZ '2026-02-15T19:20:05.649817Z', NULL, TRUE, 'Fallido', 3);
INSERT INTO step_result_statuses (id, code, created_at, description, is_active, name, sort_order)
VALUES (4, 'BLOCKED', TIMESTAMPTZ '2026-02-15T19:20:05.649817Z', NULL, TRUE, 'Bloqueado', 4);
2026-02-15 15:22:36.757 -04:00 [INF] Executed DbCommand (21ms) [Parameters=[], CommandType='"Text"', CommandTimeout='30']
INSERT INTO task_priorities (id, code, created_at, description, is_active, name, sort_order)
VALUES (1, 'LOW', TIMESTAMPTZ '2026-02-15T19:20:05.650146Z', NULL, TRUE, 'Baja', 1);
INSERT INTO task_priorities (id, code, created_at, description, is_active, name, sort_order)
VALUES (2, 'MEDIUM', TIMESTAMPTZ '2026-02-15T19:20:05.650147Z', NULL, TRUE, 'Media', 2);
INSERT INTO task_priorities (id, code, created_at, description, is_active, name, sort_order)
VALUES (3, 'HIGH', TIMESTAMPTZ '2026-02-15T19:20:05.650147Z', NULL, TRUE, 'Alta', 3);
INSERT INTO task_priorities (id, code, created_at, description, is_active, name, sort_order)
VALUES (4, 'CRITICAL', TIMESTAMPTZ '2026-02-15T19:20:05.650147Z', NULL, TRUE, 'Crítica', 4);
2026-02-15 15:22:36.778 -04:00 [INF] Executed DbCommand (13ms) [Parameters=[], CommandType='"Text"', CommandTimeout='30']
INSERT INTO test_case_priorities (id, code, created_at, description, is_active, name, sort_order)
VALUES (1, 'LOW', TIMESTAMPTZ '2026-02-15T19:20:05.650537Z', NULL, TRUE, 'Baja', 1);
INSERT INTO test_case_priorities (id, code, created_at, description, is_active, name, sort_order)
VALUES (2, 'MEDIUM', TIMESTAMPTZ '2026-02-15T19:20:05.650537Z', NULL, TRUE, 'Media', 2);
INSERT INTO test_case_priorities (id, code, created_at, description, is_active, name, sort_order)
VALUES (3, 'HIGH', TIMESTAMPTZ '2026-02-15T19:20:05.650537Z', NULL, TRUE, 'Alta', 3);
INSERT INTO test_case_priorities (id, code, created_at, description, is_active, name, sort_order)
VALUES (4, 'CRITICAL', TIMESTAMPTZ '2026-02-15T19:20:05.650537Z', NULL, TRUE, 'Crítica', 4);
2026-02-15 15:22:36.792 -04:00 [INF] Executed DbCommand (9ms) [Parameters=[], CommandType='"Text"', CommandTimeout='30']
INSERT INTO users (id, created_at, email, full_name, is_active, password_hash, refresh_token, refresh_token_expiry_time, updated_at, username)
VALUES ('99999999-9999-9999-9999-999999999999', TIMESTAMPTZ '2025-01-01T00:00:00Z', 'admin@qams.local', 'Administrador Base', TRUE, '$2a$12$R9h/LIPzKuOfSRR6M9V39u.BBzBRS7O.O80X9/b9L.p51v5FzE5x.', NULL, NULL, NULL, 'admin');
2026-02-15 15:22:36.812 -04:00 [INF] Executed DbCommand (15ms) [Parameters=[], CommandType='"Text"', CommandTimeout='30']
INSERT INTO role_permissions ("PermissionId", "RoleId", "AssignedAt")
VALUES ('41544143-4f4c-5347-5f4d-414e41474500', '11111111-1111-1111-1111-111111111111', TIMESTAMPTZ '2025-01-01T00:00:00Z');
INSERT INTO role_permissions ("PermissionId", "RoleId", "AssignedAt")
VALUES ('41544143-4f4c-5347-5f56-494557000000', '11111111-1111-1111-1111-111111111111', TIMESTAMPTZ '2025-01-01T00:00:00Z');
INSERT INTO role_permissions ("PermissionId", "RoleId", "AssignedAt")
VALUES ('424e414b-4e41-435f-5245-415445000000', '11111111-1111-1111-1111-111111111111', TIMESTAMPTZ '2025-01-01T00:00:00Z');
INSERT INTO role_permissions ("PermissionId", "RoleId", "AssignedAt")
VALUES ('424e414b-4e41-445f-454c-455445000000', '11111111-1111-1111-1111-111111111111', TIMESTAMPTZ '2025-01-01T00:00:00Z');
INSERT INTO role_permissions ("PermissionId", "RoleId", "AssignedAt")
VALUES ('424e414b-4e41-555f-5044-415445000000', '11111111-1111-1111-1111-111111111111', TIMESTAMPTZ '2025-01-01T00:00:00Z');
INSERT INTO role_permissions ("PermissionId", "RoleId", "AssignedAt")
VALUES ('424e414b-4e41-565f-4945-570000000000', '11111111-1111-1111-1111-111111111111', TIMESTAMPTZ '2025-01-01T00:00:00Z');
INSERT INTO role_permissions ("PermissionId", "RoleId", "AssignedAt")
VALUES ('43455845-5455-4f49-4e53-5f4352454154', '11111111-1111-1111-1111-111111111111', TIMESTAMPTZ '2025-01-01T00:00:00Z');
INSERT INTO role_permissions ("PermissionId", "RoleId", "AssignedAt")
VALUES ('43455845-5455-4f49-4e53-5f5550444154', '11111111-1111-1111-1111-111111111111', TIMESTAMPTZ '2025-01-01T00:00:00Z');
INSERT INTO role_permissions ("PermissionId", "RoleId", "AssignedAt")
VALUES ('43455845-5455-4f49-4e53-5f55504c4f41', '11111111-1111-1111-1111-111111111111', TIMESTAMPTZ '2025-01-01T00:00:00Z');
INSERT INTO role_permissions ("PermissionId", "RoleId", "AssignedAt")
VALUES ('43455845-5455-4f49-4e53-5f5649455700', '11111111-1111-1111-1111-111111111111', TIMESTAMPTZ '2025-01-01T00:00:00Z');
INSERT INTO role_permissions ("PermissionId", "RoleId", "AssignedAt")
VALUES ('454c4f52-5f53-4544-4c45-544500000000', '11111111-1111-1111-1111-111111111111', TIMESTAMPTZ '2025-01-01T00:00:00Z');
INSERT INTO role_permissions ("PermissionId", "RoleId", "AssignedAt")
VALUES ('454c4f52-5f53-4956-4557-000000000000', '11111111-1111-1111-1111-111111111111', TIMESTAMPTZ '2025-01-01T00:00:00Z');
INSERT INTO role_permissions ("PermissionId", "RoleId", "AssignedAt")
VALUES ('454c4f52-5f53-5055-4441-544500000000', '11111111-1111-1111-1111-111111111111', TIMESTAMPTZ '2025-01-01T00:00:00Z');
INSERT INTO role_permissions ("PermissionId", "RoleId", "AssignedAt")
VALUES ('454c4f52-5f53-5243-4541-544500000000', '11111111-1111-1111-1111-111111111111', TIMESTAMPTZ '2025-01-01T00:00:00Z');
INSERT INTO role_permissions ("PermissionId", "RoleId", "AssignedAt")
VALUES ('454c4f52-5f53-5341-5349-474e5f504552', '11111111-1111-1111-1111-111111111111', TIMESTAMPTZ '2025-01-01T00:00:00Z');
INSERT INTO role_permissions ("PermissionId", "RoleId", "AssignedAt")
VALUES ('48534144-4f42-5241-445f-564945570000', '11111111-1111-1111-1111-111111111111', TIMESTAMPTZ '2025-01-01T00:00:00Z');
INSERT INTO role_permissions ("PermissionId", "RoleId", "AssignedAt")
VALUES ('4a4f5250-4345-5354-5f43-524541544500', '11111111-1111-1111-1111-111111111111', TIMESTAMPTZ '2025-01-01T00:00:00Z');
INSERT INTO role_permissions ("PermissionId", "RoleId", "AssignedAt")
VALUES ('4a4f5250-4345-5354-5f44-454c45544500', '11111111-1111-1111-1111-111111111111', TIMESTAMPTZ '2025-01-01T00:00:00Z');
INSERT INTO role_permissions ("PermissionId", "RoleId", "AssignedAt")
VALUES ('4a4f5250-4345-5354-5f55-504441544500', '11111111-1111-1111-1111-111111111111', TIMESTAMPTZ '2025-01-01T00:00:00Z');
INSERT INTO role_permissions ("PermissionId", "RoleId", "AssignedAt")
VALUES ('4a4f5250-4345-5354-5f56-494557000000', '11111111-1111-1111-1111-111111111111', TIMESTAMPTZ '2025-01-01T00:00:00Z');
INSERT INTO role_permissions ("PermissionId", "RoleId", "AssignedAt")
VALUES ('52455355-5f53-4544-4c45-544500000000', '11111111-1111-1111-1111-111111111111', TIMESTAMPTZ '2025-01-01T00:00:00Z');
INSERT INTO role_permissions ("PermissionId", "RoleId", "AssignedAt")
VALUES ('52455355-5f53-4956-4557-000000000000', '11111111-1111-1111-1111-111111111111', TIMESTAMPTZ '2025-01-01T00:00:00Z');
INSERT INTO role_permissions ("PermissionId", "RoleId", "AssignedAt")
VALUES ('52455355-5f53-5055-4441-544500000000', '11111111-1111-1111-1111-111111111111', TIMESTAMPTZ '2025-01-01T00:00:00Z');
INSERT INTO role_permissions ("PermissionId", "RoleId", "AssignedAt")
VALUES ('52455355-5f53-5243-4541-544500000000', '11111111-1111-1111-1111-111111111111', TIMESTAMPTZ '2025-01-01T00:00:00Z');
INSERT INTO role_permissions ("PermissionId", "RoleId", "AssignedAt")
VALUES ('54534554-435f-5341-4553-5f4352454154', '11111111-1111-1111-1111-111111111111', TIMESTAMPTZ '2025-01-01T00:00:00Z');
INSERT INTO role_permissions ("PermissionId", "RoleId", "AssignedAt")
VALUES ('54534554-435f-5341-4553-5f44454c4554', '11111111-1111-1111-1111-111111111111', TIMESTAMPTZ '2025-01-01T00:00:00Z');
INSERT INTO role_permissions ("PermissionId", "RoleId", "AssignedAt")
VALUES ('54534554-435f-5341-4553-5f5550444154', '11111111-1111-1111-1111-111111111111', TIMESTAMPTZ '2025-01-01T00:00:00Z');
INSERT INTO role_permissions ("PermissionId", "RoleId", "AssignedAt")
VALUES ('54534554-435f-5341-4553-5f5649455700', '11111111-1111-1111-1111-111111111111', TIMESTAMPTZ '2025-01-01T00:00:00Z');
2026-02-15 15:22:36.835 -04:00 [INF] Executed DbCommand (18ms) [Parameters=[], CommandType='"Text"', CommandTimeout='30']
INSERT INTO user_roles ("RoleId", "UserId", "AssignedAt")
VALUES ('11111111-1111-1111-1111-111111111111', '99999999-9999-9999-9999-999999999999', TIMESTAMPTZ '2025-01-01T00:00:00Z');
2026-02-15 15:22:36.857 -04:00 [INF] Executed DbCommand (19ms) [Parameters=[], CommandType='"Text"', CommandTimeout='30']
CREATE UNIQUE INDEX "IX_users_email" ON users (email);
2026-02-15 15:22:36.877 -04:00 [INF] Executed DbCommand (17ms) [Parameters=[], CommandType='"Text"', CommandTimeout='30']
CREATE UNIQUE INDEX "IX_users_username" ON users (username);
2026-02-15 15:22:36.895 -04:00 [INF] Executed DbCommand (15ms) [Parameters=[], CommandType='"Text"', CommandTimeout='30']
CREATE UNIQUE INDEX "IX_roles_name" ON roles (name);
2026-02-15 15:22:36.920 -04:00 [INF] Executed DbCommand (22ms) [Parameters=[], CommandType='"Text"', CommandTimeout='30']
CREATE UNIQUE INDEX "IX_test_case_priorities_code" ON test_case_priorities (code);
2026-02-15 15:22:36.941 -04:00 [INF] Executed DbCommand (17ms) [Parameters=[], CommandType='"Text"', CommandTimeout='30']
CREATE UNIQUE INDEX "IX_task_priorities_code" ON task_priorities (code);
2026-02-15 15:22:36.964 -04:00 [INF] Executed DbCommand (20ms) [Parameters=[], CommandType='"Text"', CommandTimeout='30']
CREATE UNIQUE INDEX "IX_step_result_statuses_code" ON step_result_statuses (code);
2026-02-15 15:22:36.985 -04:00 [INF] Executed DbCommand (14ms) [Parameters=[], CommandType='"Text"', CommandTimeout='30']
CREATE UNIQUE INDEX "IX_evidence_types_code" ON evidence_types (code);
2026-02-15 15:22:36.996 -04:00 [INF] Executed DbCommand (6ms) [Parameters=[], CommandType='"Text"', CommandTimeout='30']
ALTER TABLE "Evidences" ADD CONSTRAINT "FK_Evidences_evidence_types_FileTypeId" FOREIGN KEY ("FileTypeId") REFERENCES evidence_types (id) ON DELETE CASCADE;
2026-02-15 15:22:37.010 -04:00 [INF] Executed DbCommand (7ms) [Parameters=[], CommandType='"Text"', CommandTimeout='30']
ALTER TABLE "ExecutionStepResults" ADD CONSTRAINT "FK_ExecutionStepResults_step_result_statuses_StatusId" FOREIGN KEY ("StatusId") REFERENCES step_result_statuses (id) ON DELETE CASCADE;
2026-02-15 15:22:37.029 -04:00 [INF] Executed DbCommand (12ms) [Parameters=[], CommandType='"Text"', CommandTimeout='30']
ALTER TABLE "KanbanTasks" ADD CONSTRAINT "FK_KanbanTasks_task_priorities_PriorityId" FOREIGN KEY ("PriorityId") REFERENCES task_priorities (id) ON DELETE CASCADE;
2026-02-15 15:22:37.041 -04:00 [INF] Executed DbCommand (7ms) [Parameters=[], CommandType='"Text"', CommandTimeout='30']
ALTER TABLE "KanbanTasks" ADD CONSTRAINT "FK_KanbanTasks_users_AssigneeId" FOREIGN KEY ("AssigneeId") REFERENCES users (id);
2026-02-15 15:22:37.056 -04:00 [INF] Executed DbCommand (9ms) [Parameters=[], CommandType='"Text"', CommandTimeout='30']
ALTER TABLE role_permissions ADD CONSTRAINT "FK_role_permissions_roles_RoleId" FOREIGN KEY ("RoleId") REFERENCES roles (id) ON DELETE CASCADE;
2026-02-15 15:22:37.076 -04:00 [INF] Executed DbCommand (10ms) [Parameters=[], CommandType='"Text"', CommandTimeout='30']
ALTER TABLE test_executions ADD CONSTRAINT "FK_test_executions_users_tester_id" FOREIGN KEY (tester_id) REFERENCES users (id) ON DELETE RESTRICT;
2026-02-15 15:22:37.096 -04:00 [INF] Executed DbCommand (7ms) [Parameters=[], CommandType='"Text"', CommandTimeout='30']
ALTER TABLE "TestCases" ADD CONSTRAINT "FK_TestCases_test_case_priorities_PriorityId" FOREIGN KEY ("PriorityId") REFERENCES test_case_priorities (id) ON DELETE CASCADE;
2026-02-15 15:22:37.105 -04:00 [INF] Executed DbCommand (6ms) [Parameters=[], CommandType='"Text"', CommandTimeout='30']
ALTER TABLE user_roles ADD CONSTRAINT "FK_user_roles_roles_RoleId" FOREIGN KEY ("RoleId") REFERENCES roles (id) ON DELETE CASCADE;
2026-02-15 15:22:37.115 -04:00 [INF] Executed DbCommand (5ms) [Parameters=[], CommandType='"Text"', CommandTimeout='30']
ALTER TABLE user_roles ADD CONSTRAINT "FK_user_roles_users_UserId" FOREIGN KEY ("UserId") REFERENCES users (id) ON DELETE CASCADE;
2026-02-15 15:22:37.125 -04:00 [INF] Executed DbCommand (6ms) [Parameters=[], CommandType='"Text"', CommandTimeout='30']
SELECT setval(
    pg_get_serial_sequence('evidence_types', 'id'),
    GREATEST(
        (SELECT MAX(id) FROM evidence_types) + 1,
        nextval(pg_get_serial_sequence('evidence_types', 'id'))),
    false);
SELECT setval(
    pg_get_serial_sequence('step_result_statuses', 'id'),
    GREATEST(
        (SELECT MAX(id) FROM step_result_statuses) + 1,
        nextval(pg_get_serial_sequence('step_result_statuses', 'id'))),
    false);
SELECT setval(
    pg_get_serial_sequence('task_priorities', 'id'),
    GREATEST(
        (SELECT MAX(id) FROM task_priorities) + 1,
        nextval(pg_get_serial_sequence('task_priorities', 'id'))),
    false);
SELECT setval(
    pg_get_serial_sequence('test_case_priorities', 'id'),
    GREATEST(
        (SELECT MAX(id) FROM test_case_priorities) + 1,
        nextval(pg_get_serial_sequence('test_case_priorities', 'id'))),
    false);
2026-02-15 15:22:37.131 -04:00 [INF] Executed DbCommand (3ms) [Parameters=[], CommandType='"Text"', CommandTimeout='30']
INSERT INTO "__EFMigrationsHistory" ("MigrationId", "ProductVersion")
VALUES ('20260215192006_AddSystemSeeding', '8.0.11');
2026-02-15 18:32:04.084 -04:00 [INF] Executed DbCommand (38ms) [Parameters=[], CommandType='"Text"', CommandTimeout='30']
SELECT EXISTS (
    SELECT 1 FROM pg_catalog.pg_class c
    JOIN pg_catalog.pg_namespace n ON n.oid=c.relnamespace
    WHERE n.nspname='public' AND
          c.relname='__EFMigrationsHistory'
)
2026-02-15 18:32:04.142 -04:00 [INF] Executed DbCommand (9ms) [Parameters=[], CommandType='"Text"', CommandTimeout='30']
SELECT "MigrationId", "ProductVersion"
FROM "__EFMigrationsHistory"
ORDER BY "MigrationId";
